MPLINK 5.00, LINKER
Linker Map File - Created Thu Jul 07 13:28:14 2016

                                 Section Info
                  Section       Type    Address   Location Size(Bytes)
                ---------  ---------  ---------  ---------  ---------
               _entry_scn       code   0x000000    program   0x000006
REMAPPED_HIGH_INTERRUPT_VECTOR       code   0x000008    program   0x000006
REMAPPED_LOW_INTERRUPT_VECTOR       code   0x000018    program   0x000006
                   .cinit    romdata   0x000020    program   0x00000e
             .code_main.o       code   0x00002e    program   0x001502
       .code_usb_device.o       code   0x001530    program   0x0010e6
       .code_ringBuffer.o       code   0x002616    program   0x00084c
 .code_usb_function_cdc.o       code   0x002e62    program   0x000448
            .code_usart.o       code   0x0032aa    program   0x0000b2
               _cinit_scn       code   0x00335c    program   0x00009e
.romdata_usb_descriptors.o    romdata   0x0033fa    program   0x000091
.idata_usb_descriptors.o_i    romdata   0x00348b    program   0x000000
    .idata_ringBuffer.o_i    romdata   0x00348b    program   0x000000
    .romdata_ringBuffer.o    romdata   0x00348b    program   0x000000
         .idata_usart.o_i    romdata   0x00348b    program   0x000000
         .romdata_usart.o    romdata   0x00348b    program   0x000000
      .idata_fxd1616u.o_i    romdata   0x00348b    program   0x000000
      .romdata_fxd1616u.o    romdata   0x00348b    program   0x000000
        .idata___init.o_i    romdata   0x00348b    program   0x000000
        .romdata___init.o    romdata   0x00348b    program   0x000000
         .idata_c018i.o_i    romdata   0x00348b    program   0x000000
         .romdata_c018i.o    romdata   0x00348b    program   0x000000
.idata_usb_function_cdc.o_i    romdata   0x00348b    program   0x000000
.romdata_usb_function_cdc.o    romdata   0x00348b    program   0x000000
    .idata_usb_device.o_i    romdata   0x00348b    program   0x000000
          .romdata_main.o    romdata   0x00348b    program   0x000000
    .romdata_usb_device.o    romdata   0x00348b    program   0x000000
            .code_c018i.o       code   0x00348c    program   0x000000
                     PROG       code   0x00348c    program   0x00004c
  .code_usb_descriptors.o       code   0x00348c    program   0x000000
                   STRING       code   0x0034d8    program   0x000034
         .code_fxd1616u.o       code   0x00350c    program   0x00002c
                    .code       code   0x003538    program   0x000020
             _startup_scn       code   0x003558    program   0x00001c
           .code___init.o       code   0x003574    program   0x000002
          .idata_main.o_i    romdata   0x003576    program   0x000028
    .config_300000_main.o    romdata   0x300000    program   0x000001
    .config_300001_main.o    romdata   0x300001    program   0x000001
    .config_300002_main.o    romdata   0x300002    program   0x000001
    .config_300003_main.o    romdata   0x300003    program   0x000001
    .config_300005_main.o    romdata   0x300005    program   0x000001
    .config_300006_main.o    romdata   0x300006    program   0x000001
    .config_300008_main.o    romdata   0x300008    program   0x000001
    .config_300009_main.o    romdata   0x300009    program   0x000001
    .config_30000a_main.o    romdata   0x30000a    program   0x000001
    .config_30000b_main.o    romdata   0x30000b    program   0x000001
    .config_30000c_main.o    romdata   0x30000c    program   0x000001
    .config_30000d_main.o    romdata   0x30000d    program   0x000001
                MATH_DATA      udata   0x000000       data   0x000010
                 .tmpdata      udata   0x000010       data   0x000010
      .udata_usb_device.o      udata   0x000060       data   0x000036
            .idata_main.o      idata   0x000096       data   0x000028
                   .stack      udata   0x000100       data   0x000080
            .udata_main.o      udata   0x000180       data   0x000068
           .udata_c018i.o      udata   0x0001e8       data   0x00000a
                  USB_BDT      udata   0x000200       data   0x000050
                  usbram2      udata   0x000250       data   0x00008f
.udata_usb_function_cdc.o      udata   0x0002df       data   0x000019
          .idata___init.o      idata   0x0002f8       data   0x000000
          .udata___init.o      udata   0x0002f8       data   0x000000
        .idata_fxd1616u.o      idata   0x0002f8       data   0x000000
        .udata_fxd1616u.o      udata   0x0002f8       data   0x000000
           .idata_usart.o      idata   0x0002f8       data   0x000000
           .udata_usart.o      udata   0x0002f8       data   0x000000
      .idata_ringBuffer.o      idata   0x0002f8       data   0x000000
      .udata_ringBuffer.o      udata   0x0002f8       data   0x000000
 .idata_usb_descriptors.o      idata   0x0002f8       data   0x000000
 .udata_usb_descriptors.o      udata   0x0002f8       data   0x000000
           .idata_c018i.o      idata   0x0002f8       data   0x000000
      .idata_usb_device.o      idata   0x0002f8       data   0x000000
.idata_usb_function_cdc.o      idata   0x0002f8       data   0x000000
              SFR_BANKED0      udata   0x000f53       data   0x00000d
            SFR_UNBANKED0      udata   0x000f60       data   0x0000a0



                              Program Memory Usage 
                               Start         End      
                           ---------   ---------      
                            0x000000    0x000005      
                            0x000008    0x00000d      
                            0x000018    0x00001d      
                            0x000020    0x00348a      
                            0x00348c    0x00359d      
                            0x300000    0x300003      
                            0x300005    0x300006      
                            0x300008    0x30000d      
            13723 out of 16408 program addresses used, program memory utilization is 83%



                              Symbols - Sorted by Name
                     Name    Address   Location    Storage File                     
                ---------  ---------  ---------  --------- ---------                
                CDCInitEP   0x002efe    program     extern D:\UsersData\Vlak\FW\ULI\uLI-master\usb_function_cdc.c
             CDCTxService   0x00315c    program     extern D:\UsersData\Vlak\FW\ULI\uLI-master\usb_function_cdc.c
                   D1616S   0x0034ae    program     static E:\3.46\pic18-lt\cxx-framework\src\traditional\math\fxd1616s.asm
                D1616SNEG   0x0034bc    program     static E:\3.46\pic18-lt\cxx-framework\src\traditional\math\fxd1616s.asm
                 D1616SOK   0x0034b8    program     static E:\3.46\pic18-lt\cxx-framework\src\traditional\math\fxd1616s.asm
                  D1616SX   0x0034ce    program     static E:\3.46\pic18-lt\cxx-framework\src\traditional\math\fxd1616s.asm
                  DA1616S   0x00349e    program     static E:\3.46\pic18-lt\cxx-framework\src\traditional\math\fxd1616s.asm
                 FXD1616S   0x00348c    program     extern E:\3.46\pic18-lt\cxx-framework\src\traditional\math\fxd1616s.asm
                 FXD1616U   0x00350c    program     extern E:\3.46\pic18-lt\cxx-framework\src\traditional\math\fxd1616u.c
        Remapped_High_ISR   0x000008    program     extern D:\UsersData\Vlak\FW\ULI\uLI-master\main.c
         Remapped_Low_ISR   0x000018    program     extern D:\UsersData\Vlak\FW\ULI\uLI-master\main.c
                USARTInit   0x0032aa    program     extern D:\UsersData\Vlak\FW\ULI\uLI-master\usart.c
           USARTInputData   0x0032f0    program     extern D:\UsersData\Vlak\FW\ULI\uLI-master\usart.c
            USARTReadByte   0x0032fa    program     extern D:\UsersData\Vlak\FW\ULI\uLI-master\usart.c
           USARTWriteByte   0x0032ce    program     extern D:\UsersData\Vlak\FW\ULI\uLI-master\usart.c
     USART_check_timeouts   0x0005ca    program     extern D:\UsersData\Vlak\FW\ULI\uLI-master\main.c
            USART_ni_sent   0x0011c0    program     extern D:\UsersData\Vlak\FW\ULI\uLI-master\main.c
  USART_receive_interrupt   0x000614    program     extern D:\UsersData\Vlak\FW\ULI\uLI-master\main.c
USART_request_next_device   0x000f12    program     extern D:\UsersData\Vlak\FW\ULI\uLI-master\main.c
    USART_send_next_frame   0x000e1c    program     extern D:\UsersData\Vlak\FW\ULI\uLI-master\main.c
USART_send_rest_of_message   0x000e94    program     extern D:\UsersData\Vlak\FW\ULI\uLI-master\main.c
       USBCBCheckOtherReq   0x00049e    program     extern D:\UsersData\Vlak\FW\ULI\uLI-master\main.c
        USBCBErrorHandler   0x00049c    program     extern D:\UsersData\Vlak\FW\ULI\uLI-master\main.c
              USBCBInitEP   0x0004a4    program     extern D:\UsersData\Vlak\FW\ULI\uLI-master\main.c
          USBCBSendResume   0x0004b2    program     extern D:\UsersData\Vlak\FW\ULI\uLI-master\main.c
    USBCBStdSetDscHandler   0x0004a2    program     extern D:\UsersData\Vlak\FW\ULI\uLI-master\main.c
             USBCBSuspend   0x000468    program     extern D:\UsersData\Vlak\FW\ULI\uLI-master\main.c
     USBCBWakeFromSuspend   0x000490    program     extern D:\UsersData\Vlak\FW\ULI\uLI-master\main.c
        USBCB_SOF_Handler   0x00049a    program     extern D:\UsersData\Vlak\FW\ULI\uLI-master\main.c
              USBCancelIO   0x00252c    program     extern D:\UsersData\Vlak\FW\ULI\uLI-master\usb_device.c
       USBCheckCDCRequest   0x002e62    program     extern D:\UsersData\Vlak\FW\ULI\uLI-master\usb_function_cdc.c
       USBCheckStdRequest   0x001a40    program     extern D:\UsersData\Vlak\FW\ULI\uLI-master\usb_device.c
     USBConfigureEndpoint   0x002228    program     extern D:\UsersData\Vlak\FW\ULI\uLI-master\usb_device.c
         USBCtrlEPService   0x0017d6    program     extern D:\UsersData\Vlak\FW\ULI\uLI-master\usb_device.c
 USBCtrlEPServiceComplete   0x001d6a    program     extern D:\UsersData\Vlak\FW\ULI\uLI-master\usb_device.c
      USBCtrlTrfInHandler   0x001942    program     extern D:\UsersData\Vlak\FW\ULI\uLI-master\usb_device.c
     USBCtrlTrfOutHandler   0x0018f6    program     extern D:\UsersData\Vlak\FW\ULI\uLI-master\usb_device.c
      USBCtrlTrfRxService   0x002020    program     extern D:\UsersData\Vlak\FW\ULI\uLI-master\usb_device.c
   USBCtrlTrfSetupHandler   0x0018b0    program     extern D:\UsersData\Vlak\FW\ULI\uLI-master\usb_device.c
      USBCtrlTrfTxService   0x001f0e    program     extern D:\UsersData\Vlak\FW\ULI\uLI-master\usb_device.c
          USBDeviceAttach   0x0025e6    program     extern D:\UsersData\Vlak\FW\ULI\uLI-master\usb_device.c
          USBDeviceDetach   0x0025dc    program     extern D:\UsersData\Vlak\FW\ULI\uLI-master\usb_device.c
            USBDeviceInit   0x001530    program     extern D:\UsersData\Vlak\FW\ULI\uLI-master\usb_device.c
           USBDeviceTasks   0x00160c    program     extern D:\UsersData\Vlak\FW\ULI\uLI-master\usb_device.c
        USBEnableEndpoint   0x0022f2    program     extern D:\UsersData\Vlak\FW\ULI\uLI-master\usb_device.c
USBPrepareForNextSetupTrf   0x0019dc    program     extern D:\UsersData\Vlak\FW\ULI\uLI-master\usb_device.c
         USBStallEndpoint   0x00235e    program     extern D:\UsersData\Vlak\FW\ULI\uLI-master\usb_device.c
          USBStallHandler   0x001754    program     extern D:\UsersData\Vlak\FW\ULI\uLI-master\usb_device.c
  USBStdFeatureReqHandler   0x001afe    program     extern D:\UsersData\Vlak\FW\ULI\uLI-master\usb_device.c
      USBStdGetDscHandler   0x001c08    program     extern D:\UsersData\Vlak\FW\ULI\uLI-master\usb_device.c
   USBStdGetStatusHandler   0x001cb6    program     extern D:\UsersData\Vlak\FW\ULI\uLI-master\usb_device.c
      USBStdSetCfgHandler   0x002158    program     extern D:\UsersData\Vlak\FW\ULI\uLI-master\usb_device.c
               USBSuspend   0x001788    program     extern D:\UsersData\Vlak\FW\ULI\uLI-master\usb_device.c
     USBTransferOnePacket   0x00243a    program     extern D:\UsersData\Vlak\FW\ULI\uLI-master\usb_device.c
       USBWakeFromSuspend   0x0017ac    program     extern D:\UsersData\Vlak\FW\ULI\uLI-master\usb_device.c
               USB_CD_Ptr   0x003483    program     extern D:\UsersData\Vlak\FW\ULI\uLI-master\usb_descriptors.c
               USB_SD_Ptr   0x003485    program     extern D:\UsersData\Vlak\FW\ULI\uLI-master\usb_descriptors.c
              USB_receive   0x000950    program     extern D:\UsersData\Vlak\FW\ULI\uLI-master\main.c
                 USB_send   0x000878    program     extern D:\UsersData\Vlak\FW\ULI\uLI-master\main.c
     USB_send_master_data   0x0011d4    program     extern D:\UsersData\Vlak\FW\ULI\uLI-master\main.c
USER_USB_CALLBACK_EVENT_HANDLER   0x0004b4    program     extern D:\UsersData\Vlak\FW\ULI\uLI-master\main.c
  YourHighPriorityISRCode   0x00002e    program     extern D:\UsersData\Vlak\FW\ULI\uLI-master\main.c
   YourLowPriorityISRCode   0x0000f4    program     extern D:\UsersData\Vlak\FW\ULI\uLI-master\main.c
              _2jContinue   0x0034f8    program     static E:\3.46\pic18-lt\cxx-framework\src\traditional\stdclib\memset.asm
                   _3jEnd   0x003502    program     static E:\3.46\pic18-lt\cxx-framework\src\traditional\stdclib\memset.asm
     ___case_114_lbl00077   0x000538    program     static                          
     ___case_115_lbl00073   0x000528    program     static                          
     ___case_116_lbl00075   0x000530    program     static                          
     ___case_117_lbl00074   0x00052c    program     static                          
       ___case_1_lbl00070   0x00051c    program     static                          
       ___case_2_lbl00071   0x000520    program     static                          
   ___case_32767_lbl00076   0x000534    program     static                          
       ___case_3_lbl00072   0x000524    program     static                          
      ___default_lbl00078   0x00053c    program     static                          
       ___return_lbl00000   0x003536    program     static                          
       ___return_lbl00000   0x000004    program     static                          
       ___return_lbl00000   0x00000c    program     static                          
       ___return_lbl00001   0x00001c    program     static                          
       ___return_lbl00001   0x003572    program     static                          
       ___return_lbl00002   0x0033f8    program     static                          
       ___return_lbl00068   0x000542    program     static                          
   ___switchexit_lbl00069   0x00053e    program     static                          
               __config_0   0x300000    program     static D:\UsersData\Vlak\FW\ULI\uLI-master\main.c
               __config_1   0x300001    program     static D:\UsersData\Vlak\FW\ULI\uLI-master\main.c
              __config_10   0x30000c    program     static D:\UsersData\Vlak\FW\ULI\uLI-master\main.c
              __config_11   0x30000d    program     static D:\UsersData\Vlak\FW\ULI\uLI-master\main.c
               __config_2   0x300002    program     static D:\UsersData\Vlak\FW\ULI\uLI-master\main.c
               __config_3   0x300003    program     static D:\UsersData\Vlak\FW\ULI\uLI-master\main.c
               __config_4   0x300005    program     static D:\UsersData\Vlak\FW\ULI\uLI-master\main.c
               __config_5   0x300006    program     static D:\UsersData\Vlak\FW\ULI\uLI-master\main.c
               __config_6   0x300008    program     static D:\UsersData\Vlak\FW\ULI\uLI-master\main.c
               __config_7   0x300009    program     static D:\UsersData\Vlak\FW\ULI\uLI-master\main.c
               __config_8   0x30000a    program     static D:\UsersData\Vlak\FW\ULI\uLI-master\main.c
               __config_9   0x30000b    program     static D:\UsersData\Vlak\FW\ULI\uLI-master\main.c
                   __init   0x003574    program     extern E:\3.46\pic18-lt\cxx-framework\src\traditional\stdclib\__init.c
              __tmplbl_26   0x0004d0    program     static                          
              __tmplbl_27   0x0004dc    program     static                          
              __tmplbl_28   0x0004e6    program     static                          
              __tmplbl_29   0x0004f0    program     static                          
              __tmplbl_30   0x0004fa    program     static                          
              __tmplbl_31   0x000504    program     static                          
              __tmplbl_32   0x00050e    program     static                          
              __tmplbl_33   0x000518    program     static                          
            __zero_memory   0x003538    program     extern E:\3.46\pic18-lt\cxx-framework\src\traditional\proc\p18f14k50.asm
                _do_cinit   0x00335c    program     extern E:\3.46\pic18-lt\cxx-framework\src\traditional\startup\c018i.c
                   _entry   0x000000    program     extern E:\3.46\pic18-lt\cxx-framework\src\traditional\startup\c018i.c
                 _startup   0x003558    program     extern E:\3.46\pic18-lt\cxx-framework\src\traditional\startup\c018i.c
              calc_parity   0x00113c    program     extern D:\UsersData\Vlak\FW\ULI\uLI-master\main.c
                 calc_xor   0x00054a    program     extern D:\UsersData\Vlak\FW\ULI\uLI-master\main.c
 check_device_data_to_USB   0x00121e    program     extern D:\UsersData\Vlak\FW\ULI\uLI-master\main.c
                compare_l   0x00354e    program     static E:\3.46\pic18-lt\cxx-framework\src\traditional\proc\p18f14k50.asm
        configDescriptor1   0x00340c    program     extern D:\UsersData\Vlak\FW\ULI\uLI-master\usb_descriptors.c
                copy_loop   0x0033ce    program     static                          
            copy_one_byte   0x0033d4    program     static                          
               device_dsc   0x0033fa    program     extern D:\UsersData\Vlak\FW\ULI\uLI-master\usb_descriptors.c
                     done   0x0033f8    program     static                          
             done_copying   0x0033e2    program     static                          
          dump_buf_to_USB   0x001076    program     extern D:\UsersData\Vlak\FW\ULI\uLI-master\main.c
                  endloop   0x003532    program     static                          
             getsUSBUSART   0x002f66    program     extern D:\UsersData\Vlak\FW\ULI\uLI-master\usb_function_cdc.c
             init_devices   0x001130    program     extern D:\UsersData\Vlak\FW\ULI\uLI-master\main.c
        initialize_system   0x0003fe    program     extern D:\UsersData\Vlak\FW\ULI\uLI-master\main.c
                     jEnd   0x00350a    program     static E:\3.46\pic18-lt\cxx-framework\src\traditional\stdclib\memset.asm
                    jLoop   0x0034ec    program     static E:\3.46\pic18-lt\cxx-framework\src\traditional\stdclib\memset.asm
                     loop   0x003568    program     static                          
                     loop   0x003516    program     static                          
                   loop_h   0x003546    program     static E:\3.46\pic18-lt\cxx-framework\src\traditional\proc\p18f14k50.asm
                   loop_l   0x003550    program     static E:\3.46\pic18-lt\cxx-framework\src\traditional\proc\p18f14k50.asm
                     main   0x000292    program     extern D:\UsersData\Vlak\FW\ULI\uLI-master\main.c
                   memset   0x0034d8    program     extern E:\3.46\pic18-lt\cxx-framework\src\traditional\stdclib\memset.asm
 parse_command_for_master   0x000ce0    program     extern D:\UsersData\Vlak\FW\ULI\uLI-master\main.c
              putUSBUSART   0x003020    program     extern D:\UsersData\Vlak\FW\ULI\uLI-master\usb_function_cdc.c
            putrsUSBUSART   0x0030d6    program     extern D:\UsersData\Vlak\FW\ULI\uLI-master\usb_function_cdc.c
             putsUSBUSART   0x003052    program     extern D:\UsersData\Vlak\FW\ULI\uLI-master\usb_function_cdc.c
              ringAddByte   0x002616    program     extern D:\UsersData\Vlak\FW\ULI\uLI-master\ringBuffer.c
           ringAddToStart   0x002c3e    program     extern D:\UsersData\Vlak\FW\ULI\uLI-master\ringBuffer.c
                ringClear   0x002e0e    program     extern D:\UsersData\Vlak\FW\ULI\uLI-master\ringBuffer.c
             ringReadByte   0x00296c    program     extern D:\UsersData\Vlak\FW\ULI\uLI-master\ringBuffer.c
           ringRemoveByte   0x0026c2    program     extern D:\UsersData\Vlak\FW\ULI\uLI-master\ringBuffer.c
          ringRemoveFrame   0x00282e    program     extern D:\UsersData\Vlak\FW\ULI\uLI-master\ringBuffer.c
     ringRemoveFromMiddle   0x002a8c    program     extern D:\UsersData\Vlak\FW\ULI\uLI-master\ringBuffer.c
            ringSerialize   0x0029d0    program     extern D:\UsersData\Vlak\FW\ULI\uLI-master\ringBuffer.c
                    sd000   0x00344f    program     extern D:\UsersData\Vlak\FW\ULI\uLI-master\usb_descriptors.c
                    sd001   0x003453    program     extern D:\UsersData\Vlak\FW\ULI\uLI-master\usb_descriptors.c
                    sd002   0x003469    program     extern D:\UsersData\Vlak\FW\ULI\uLI-master\usb_descriptors.c
                     test   0x003376    program     static                          
                user_init   0x000412    program     extern D:\UsersData\Vlak\FW\ULI\uLI-master\main.c
               zero_block   0x003546    program     static E:\3.46\pic18-lt\cxx-framework\src\traditional\proc\p18f14k50.asm
                   ADCON0   0x000fc2       data     extern E:\3.46\pic18-lt\cxx-framework\src\traditional\proc\p18f14k50.asm
               ADCON0bits   0x000fc2       data     extern E:\3.46\pic18-lt\cxx-framework\src\traditional\proc\p18f14k50.asm
                   ADCON1   0x000fc1       data     extern E:\3.46\pic18-lt\cxx-framework\src\traditional\proc\p18f14k50.asm
               ADCON1bits   0x000fc1       data     extern E:\3.46\pic18-lt\cxx-framework\src\traditional\proc\p18f14k50.asm
                   ADCON2   0x000fc0       data     extern E:\3.46\pic18-lt\cxx-framework\src\traditional\proc\p18f14k50.asm
               ADCON2bits   0x000fc0       data     extern E:\3.46\pic18-lt\cxx-framework\src\traditional\proc\p18f14k50.asm
                    ADRES   0x000fc3       data     extern E:\3.46\pic18-lt\cxx-framework\src\traditional\proc\p18f14k50.asm
                   ADRESH   0x000fc4       data     extern E:\3.46\pic18-lt\cxx-framework\src\traditional\proc\p18f14k50.asm
                   ADRESL   0x000fc3       data     extern E:\3.46\pic18-lt\cxx-framework\src\traditional\proc\p18f14k50.asm
                    ANSEL   0x000f7e       data     extern E:\3.46\pic18-lt\cxx-framework\src\traditional\proc\p18f14k50.asm
                   ANSELH   0x000f7f       data     extern E:\3.46\pic18-lt\cxx-framework\src\traditional\proc\p18f14k50.asm
               ANSELHbits   0x000f7f       data     extern E:\3.46\pic18-lt\cxx-framework\src\traditional\proc\p18f14k50.asm
                ANSELbits   0x000f7e       data     extern E:\3.46\pic18-lt\cxx-framework\src\traditional\proc\p18f14k50.asm
                  BAUDCON   0x000fb8       data     extern E:\3.46\pic18-lt\cxx-framework\src\traditional\proc\p18f14k50.asm
              BAUDCONbits   0x000fb8       data     extern E:\3.46\pic18-lt\cxx-framework\src\traditional\proc\p18f14k50.asm
                  BAUDCTL   0x000fb8       data     extern E:\3.46\pic18-lt\cxx-framework\src\traditional\proc\p18f14k50.asm
              BAUDCTLbits   0x000fb8       data     extern E:\3.46\pic18-lt\cxx-framework\src\traditional\proc\p18f14k50.asm
                      BDT   0x000200       data     extern D:\UsersData\Vlak\FW\ULI\uLI-master\usb_device.c
                      BSR   0x000fe0       data     extern E:\3.46\pic18-lt\cxx-framework\src\traditional\proc\p18f14k50.asm
              BaudRateGen   0x0002ec       data     extern D:\UsersData\Vlak\FW\ULI\uLI-master\usb_function_cdc.c
       BothEP0OutUOWNsSet   0x000089       data     extern D:\UsersData\Vlak\FW\ULI\uLI-master\usb_device.c
                  CCP1CON   0x000fbd       data     extern E:\3.46\pic18-lt\cxx-framework\src\traditional\proc\p18f14k50.asm
              CCP1CONbits   0x000fbd       data     extern E:\3.46\pic18-lt\cxx-framework\src\traditional\proc\p18f14k50.asm
                    CCPR1   0x000fbe       data     extern E:\3.46\pic18-lt\cxx-framework\src\traditional\proc\p18f14k50.asm
                   CCPR1H   0x000fbf       data     extern E:\3.46\pic18-lt\cxx-framework\src\traditional\proc\p18f14k50.asm
                   CCPR1L   0x000fbe       data     extern E:\3.46\pic18-lt\cxx-framework\src\traditional\proc\p18f14k50.asm
          CDCDataInHandle   0x0002e9       data     extern D:\UsersData\Vlak\FW\ULI\uLI-master\usb_function_cdc.c
         CDCDataOutHandle   0x0002e7       data     extern D:\UsersData\Vlak\FW\ULI\uLI-master\usb_function_cdc.c
                  CM1CON0   0x000f6d       data     extern E:\3.46\pic18-lt\cxx-framework\src\traditional\proc\p18f14k50.asm
              CM1CON0bits   0x000f6d       data     extern E:\3.46\pic18-lt\cxx-framework\src\traditional\proc\p18f14k50.asm
                  CM2CON0   0x000f6b       data     extern E:\3.46\pic18-lt\cxx-framework\src\traditional\proc\p18f14k50.asm
              CM2CON0bits   0x000f6b       data     extern E:\3.46\pic18-lt\cxx-framework\src\traditional\proc\p18f14k50.asm
                  CM2CON1   0x000f6c       data     extern E:\3.46\pic18-lt\cxx-framework\src\traditional\proc\p18f14k50.asm
              CM2CON1bits   0x000f6c       data     extern E:\3.46\pic18-lt\cxx-framework\src\traditional\proc\p18f14k50.asm
              CtrlTrfData   0x000248       data     extern D:\UsersData\Vlak\FW\ULI\uLI-master\usb_device.c
                     DDRA   0x000f92       data     extern E:\3.46\pic18-lt\cxx-framework\src\traditional\proc\p18f14k50.asm
                 DDRAbits   0x000f92       data     extern E:\3.46\pic18-lt\cxx-framework\src\traditional\proc\p18f14k50.asm
                     DDRB   0x000f93       data     extern E:\3.46\pic18-lt\cxx-framework\src\traditional\proc\p18f14k50.asm
                 DDRBbits   0x000f93       data     extern E:\3.46\pic18-lt\cxx-framework\src\traditional\proc\p18f14k50.asm
                     DDRC   0x000f94       data     extern E:\3.46\pic18-lt\cxx-framework\src\traditional\proc\p18f14k50.asm
                 DDRCbits   0x000f94       data     extern E:\3.46\pic18-lt\cxx-framework\src\traditional\proc\p18f14k50.asm
                  ECCP1AS   0x000fb6       data     extern E:\3.46\pic18-lt\cxx-framework\src\traditional\proc\p18f14k50.asm
              ECCP1ASbits   0x000fb6       data     extern E:\3.46\pic18-lt\cxx-framework\src\traditional\proc\p18f14k50.asm
                    EEADR   0x000fa9       data     extern E:\3.46\pic18-lt\cxx-framework\src\traditional\proc\p18f14k50.asm
                EEADRbits   0x000fa9       data     extern E:\3.46\pic18-lt\cxx-framework\src\traditional\proc\p18f14k50.asm
                   EECON1   0x000fa6       data     extern E:\3.46\pic18-lt\cxx-framework\src\traditional\proc\p18f14k50.asm
               EECON1bits   0x000fa6       data     extern E:\3.46\pic18-lt\cxx-framework\src\traditional\proc\p18f14k50.asm
                   EECON2   0x000fa7       data     extern E:\3.46\pic18-lt\cxx-framework\src\traditional\proc\p18f14k50.asm
                   EEDATA   0x000fa8       data     extern E:\3.46\pic18-lt\cxx-framework\src\traditional\proc\p18f14k50.asm
                     FSR0   0x000fe9       data     extern E:\3.46\pic18-lt\cxx-framework\src\traditional\proc\p18f14k50.asm
                    FSR0H   0x000fea       data     extern E:\3.46\pic18-lt\cxx-framework\src\traditional\proc\p18f14k50.asm
                    FSR0L   0x000fe9       data     extern E:\3.46\pic18-lt\cxx-framework\src\traditional\proc\p18f14k50.asm
                     FSR1   0x000fe1       data     extern E:\3.46\pic18-lt\cxx-framework\src\traditional\proc\p18f14k50.asm
                    FSR1H   0x000fe2       data     extern E:\3.46\pic18-lt\cxx-framework\src\traditional\proc\p18f14k50.asm
                    FSR1L   0x000fe1       data     extern E:\3.46\pic18-lt\cxx-framework\src\traditional\proc\p18f14k50.asm
                     FSR2   0x000fd9       data     extern E:\3.46\pic18-lt\cxx-framework\src\traditional\proc\p18f14k50.asm
                    FSR2H   0x000fda       data     extern E:\3.46\pic18-lt\cxx-framework\src\traditional\proc\p18f14k50.asm
                    FSR2L   0x000fd9       data     extern E:\3.46\pic18-lt\cxx-framework\src\traditional\proc\p18f14k50.asm
                    INDF0   0x000fef       data     extern E:\3.46\pic18-lt\cxx-framework\src\traditional\proc\p18f14k50.asm
                    INDF1   0x000fe7       data     extern E:\3.46\pic18-lt\cxx-framework\src\traditional\proc\p18f14k50.asm
                    INDF2   0x000fdf       data     extern E:\3.46\pic18-lt\cxx-framework\src\traditional\proc\p18f14k50.asm
                   INTCON   0x000ff2       data     extern E:\3.46\pic18-lt\cxx-framework\src\traditional\proc\p18f14k50.asm
                  INTCON2   0x000ff1       data     extern E:\3.46\pic18-lt\cxx-framework\src\traditional\proc\p18f14k50.asm
              INTCON2bits   0x000ff1       data     extern E:\3.46\pic18-lt\cxx-framework\src\traditional\proc\p18f14k50.asm
                  INTCON3   0x000ff0       data     extern E:\3.46\pic18-lt\cxx-framework\src\traditional\proc\p18f14k50.asm
              INTCON3bits   0x000ff0       data     extern E:\3.46\pic18-lt\cxx-framework\src\traditional\proc\p18f14k50.asm
               INTCONbits   0x000ff2       data     extern E:\3.46\pic18-lt\cxx-framework\src\traditional\proc\p18f14k50.asm
                     IOCA   0x000f79       data     extern E:\3.46\pic18-lt\cxx-framework\src\traditional\proc\p18f14k50.asm
                 IOCAbits   0x000f79       data     extern E:\3.46\pic18-lt\cxx-framework\src\traditional\proc\p18f14k50.asm
                     IOCB   0x000f7a       data     extern E:\3.46\pic18-lt\cxx-framework\src\traditional\proc\p18f14k50.asm
                 IOCBbits   0x000f7a       data     extern E:\3.46\pic18-lt\cxx-framework\src\traditional\proc\p18f14k50.asm
                     IPR1   0x000f9f       data     extern E:\3.46\pic18-lt\cxx-framework\src\traditional\proc\p18f14k50.asm
                 IPR1bits   0x000f9f       data     extern E:\3.46\pic18-lt\cxx-framework\src\traditional\proc\p18f14k50.asm
                     IPR2   0x000fa2       data     extern E:\3.46\pic18-lt\cxx-framework\src\traditional\proc\p18f14k50.asm
                 IPR2bits   0x000fa2       data     extern E:\3.46\pic18-lt\cxx-framework\src\traditional\proc\p18f14k50.asm
                     LATA   0x000f89       data     extern E:\3.46\pic18-lt\cxx-framework\src\traditional\proc\p18f14k50.asm
                 LATAbits   0x000f89       data     extern E:\3.46\pic18-lt\cxx-framework\src\traditional\proc\p18f14k50.asm
                     LATB   0x000f8a       data     extern E:\3.46\pic18-lt\cxx-framework\src\traditional\proc\p18f14k50.asm
                 LATBbits   0x000f8a       data     extern E:\3.46\pic18-lt\cxx-framework\src\traditional\proc\p18f14k50.asm
                     LATC   0x000f8b       data     extern E:\3.46\pic18-lt\cxx-framework\src\traditional\proc\p18f14k50.asm
                 LATCbits   0x000f8b       data     extern E:\3.46\pic18-lt\cxx-framework\src\traditional\proc\p18f14k50.asm
                   OSCCON   0x000fd3       data     extern E:\3.46\pic18-lt\cxx-framework\src\traditional\proc\p18f14k50.asm
                  OSCCON2   0x000fd2       data     extern E:\3.46\pic18-lt\cxx-framework\src\traditional\proc\p18f14k50.asm
              OSCCON2bits   0x000fd2       data     extern E:\3.46\pic18-lt\cxx-framework\src\traditional\proc\p18f14k50.asm
               OSCCONbits   0x000fd3       data     extern E:\3.46\pic18-lt\cxx-framework\src\traditional\proc\p18f14k50.asm
                  OSCTUNE   0x000f9b       data     extern E:\3.46\pic18-lt\cxx-framework\src\traditional\proc\p18f14k50.asm
              OSCTUNEbits   0x000f9b       data     extern E:\3.46\pic18-lt\cxx-framework\src\traditional\proc\p18f14k50.asm
                       PC   0x000ff9       data     extern E:\3.46\pic18-lt\cxx-framework\src\traditional\proc\p18f14k50.asm
                      PCL   0x000ff9       data     extern E:\3.46\pic18-lt\cxx-framework\src\traditional\proc\p18f14k50.asm
                   PCLATH   0x000ffa       data     extern E:\3.46\pic18-lt\cxx-framework\src\traditional\proc\p18f14k50.asm
                   PCLATU   0x000ffb       data     extern E:\3.46\pic18-lt\cxx-framework\src\traditional\proc\p18f14k50.asm
                     PIE1   0x000f9d       data     extern E:\3.46\pic18-lt\cxx-framework\src\traditional\proc\p18f14k50.asm
                 PIE1bits   0x000f9d       data     extern E:\3.46\pic18-lt\cxx-framework\src\traditional\proc\p18f14k50.asm
                     PIE2   0x000fa0       data     extern E:\3.46\pic18-lt\cxx-framework\src\traditional\proc\p18f14k50.asm
                 PIE2bits   0x000fa0       data     extern E:\3.46\pic18-lt\cxx-framework\src\traditional\proc\p18f14k50.asm
                     PIR1   0x000f9e       data     extern E:\3.46\pic18-lt\cxx-framework\src\traditional\proc\p18f14k50.asm
                 PIR1bits   0x000f9e       data     extern E:\3.46\pic18-lt\cxx-framework\src\traditional\proc\p18f14k50.asm
                     PIR2   0x000fa1       data     extern E:\3.46\pic18-lt\cxx-framework\src\traditional\proc\p18f14k50.asm
                 PIR2bits   0x000fa1       data     extern E:\3.46\pic18-lt\cxx-framework\src\traditional\proc\p18f14k50.asm
                   PLUSW0   0x000feb       data     extern E:\3.46\pic18-lt\cxx-framework\src\traditional\proc\p18f14k50.asm
                   PLUSW1   0x000fe3       data     extern E:\3.46\pic18-lt\cxx-framework\src\traditional\proc\p18f14k50.asm
                   PLUSW2   0x000fdb       data     extern E:\3.46\pic18-lt\cxx-framework\src\traditional\proc\p18f14k50.asm
                    PORTA   0x000f80       data     extern E:\3.46\pic18-lt\cxx-framework\src\traditional\proc\p18f14k50.asm
                PORTAbits   0x000f80       data     extern E:\3.46\pic18-lt\cxx-framework\src\traditional\proc\p18f14k50.asm
                    PORTB   0x000f81       data     extern E:\3.46\pic18-lt\cxx-framework\src\traditional\proc\p18f14k50.asm
                PORTBbits   0x000f81       data     extern E:\3.46\pic18-lt\cxx-framework\src\traditional\proc\p18f14k50.asm
                    PORTC   0x000f82       data     extern E:\3.46\pic18-lt\cxx-framework\src\traditional\proc\p18f14k50.asm
                PORTCbits   0x000f82       data     extern E:\3.46\pic18-lt\cxx-framework\src\traditional\proc\p18f14k50.asm
                 POSTDEC0   0x000fed       data     extern E:\3.46\pic18-lt\cxx-framework\src\traditional\proc\p18f14k50.asm
                 POSTDEC1   0x000fe5       data     extern E:\3.46\pic18-lt\cxx-framework\src\traditional\proc\p18f14k50.asm
                 POSTDEC2   0x000fdd       data     extern E:\3.46\pic18-lt\cxx-framework\src\traditional\proc\p18f14k50.asm
                 POSTINC0   0x000fee       data     extern E:\3.46\pic18-lt\cxx-framework\src\traditional\proc\p18f14k50.asm
                 POSTINC1   0x000fe6       data     extern E:\3.46\pic18-lt\cxx-framework\src\traditional\proc\p18f14k50.asm
                 POSTINC2   0x000fde       data     extern E:\3.46\pic18-lt\cxx-framework\src\traditional\proc\p18f14k50.asm
                      PR2   0x000fcb       data     extern E:\3.46\pic18-lt\cxx-framework\src\traditional\proc\p18f14k50.asm
                  PREINC0   0x000fec       data     extern E:\3.46\pic18-lt\cxx-framework\src\traditional\proc\p18f14k50.asm
                  PREINC1   0x000fe4       data     extern E:\3.46\pic18-lt\cxx-framework\src\traditional\proc\p18f14k50.asm
                  PREINC2   0x000fdc       data     extern E:\3.46\pic18-lt\cxx-framework\src\traditional\proc\p18f14k50.asm
                     PROD   0x000ff3       data     extern E:\3.46\pic18-lt\cxx-framework\src\traditional\proc\p18f14k50.asm
                    PRODH   0x000ff4       data     extern E:\3.46\pic18-lt\cxx-framework\src\traditional\proc\p18f14k50.asm
                    PRODL   0x000ff3       data     extern E:\3.46\pic18-lt\cxx-framework\src\traditional\proc\p18f14k50.asm
                  PSTRCON   0x000fb9       data     extern E:\3.46\pic18-lt\cxx-framework\src\traditional\proc\p18f14k50.asm
              PSTRCONbits   0x000fb9       data     extern E:\3.46\pic18-lt\cxx-framework\src\traditional\proc\p18f14k50.asm
                  PWM1CON   0x000fb7       data     extern E:\3.46\pic18-lt\cxx-framework\src\traditional\proc\p18f14k50.asm
              PWM1CONbits   0x000fb7       data     extern E:\3.46\pic18-lt\cxx-framework\src\traditional\proc\p18f14k50.asm
                     RCON   0x000fd0       data     extern E:\3.46\pic18-lt\cxx-framework\src\traditional\proc\p18f14k50.asm
                 RCONbits   0x000fd0       data     extern E:\3.46\pic18-lt\cxx-framework\src\traditional\proc\p18f14k50.asm
                    RCREG   0x000fae       data     extern E:\3.46\pic18-lt\cxx-framework\src\traditional\proc\p18f14k50.asm
                    RCSTA   0x000fab       data     extern E:\3.46\pic18-lt\cxx-framework\src\traditional\proc\p18f14k50.asm
                RCSTAbits   0x000fab       data     extern E:\3.46\pic18-lt\cxx-framework\src\traditional\proc\p18f14k50.asm
                  REFCON0   0x000fba       data     extern E:\3.46\pic18-lt\cxx-framework\src\traditional\proc\p18f14k50.asm
              REFCON0bits   0x000fba       data     extern E:\3.46\pic18-lt\cxx-framework\src\traditional\proc\p18f14k50.asm
                  REFCON1   0x000fbb       data     extern E:\3.46\pic18-lt\cxx-framework\src\traditional\proc\p18f14k50.asm
              REFCON1bits   0x000fbb       data     extern E:\3.46\pic18-lt\cxx-framework\src\traditional\proc\p18f14k50.asm
                  REFCON2   0x000fbc       data     extern E:\3.46\pic18-lt\cxx-framework\src\traditional\proc\p18f14k50.asm
              REFCON2bits   0x000fbc       data     extern E:\3.46\pic18-lt\cxx-framework\src\traditional\proc\p18f14k50.asm
             RemoteWakeup   0x000087       data     extern D:\UsersData\Vlak\FW\ULI\uLI-master\usb_device.c
                     SIGN   0x000000       data     extern E:\3.46\pic18-lt\cxx-framework\src\traditional\math\cmath18.asm
                   SLRCON   0x000f76       data     extern E:\3.46\pic18-lt\cxx-framework\src\traditional\proc\p18f14k50.asm
               SLRCONbits   0x000f76       data     extern E:\3.46\pic18-lt\cxx-framework\src\traditional\proc\p18f14k50.asm
                    SPBRG   0x000faf       data     extern E:\3.46\pic18-lt\cxx-framework\src\traditional\proc\p18f14k50.asm
                   SPBRGH   0x000fb0       data     extern E:\3.46\pic18-lt\cxx-framework\src\traditional\proc\p18f14k50.asm
                   SRCON0   0x000f68       data     extern E:\3.46\pic18-lt\cxx-framework\src\traditional\proc\p18f14k50.asm
               SRCON0bits   0x000f68       data     extern E:\3.46\pic18-lt\cxx-framework\src\traditional\proc\p18f14k50.asm
                   SRCON1   0x000f69       data     extern E:\3.46\pic18-lt\cxx-framework\src\traditional\proc\p18f14k50.asm
               SRCON1bits   0x000f69       data     extern E:\3.46\pic18-lt\cxx-framework\src\traditional\proc\p18f14k50.asm
                   SSPADD   0x000fc8       data     extern E:\3.46\pic18-lt\cxx-framework\src\traditional\proc\p18f14k50.asm
                   SSPBUF   0x000fc9       data     extern E:\3.46\pic18-lt\cxx-framework\src\traditional\proc\p18f14k50.asm
                  SSPCON1   0x000fc6       data     extern E:\3.46\pic18-lt\cxx-framework\src\traditional\proc\p18f14k50.asm
              SSPCON1bits   0x000fc6       data     extern E:\3.46\pic18-lt\cxx-framework\src\traditional\proc\p18f14k50.asm
                  SSPCON2   0x000fc5       data     extern E:\3.46\pic18-lt\cxx-framework\src\traditional\proc\p18f14k50.asm
              SSPCON2bits   0x000fc5       data     extern E:\3.46\pic18-lt\cxx-framework\src\traditional\proc\p18f14k50.asm
                   SSPMSK   0x000f6f       data     extern E:\3.46\pic18-lt\cxx-framework\src\traditional\proc\p18f14k50.asm
               SSPMSKbits   0x000f6f       data     extern E:\3.46\pic18-lt\cxx-framework\src\traditional\proc\p18f14k50.asm
                  SSPSTAT   0x000fc7       data     extern E:\3.46\pic18-lt\cxx-framework\src\traditional\proc\p18f14k50.asm
              SSPSTATbits   0x000fc7       data     extern E:\3.46\pic18-lt\cxx-framework\src\traditional\proc\p18f14k50.asm
                   STATUS   0x000fd8       data     extern E:\3.46\pic18-lt\cxx-framework\src\traditional\proc\p18f14k50.asm
               STATUSbits   0x000fd8       data     extern E:\3.46\pic18-lt\cxx-framework\src\traditional\proc\p18f14k50.asm
                   STKPTR   0x000ffc       data     extern E:\3.46\pic18-lt\cxx-framework\src\traditional\proc\p18f14k50.asm
               STKPTRbits   0x000ffc       data     extern E:\3.46\pic18-lt\cxx-framework\src\traditional\proc\p18f14k50.asm
                 SetupPkt   0x000240       data     extern D:\UsersData\Vlak\FW\ULI\uLI-master\usb_device.c
                    T0CON   0x000fd5       data     extern E:\3.46\pic18-lt\cxx-framework\src\traditional\proc\p18f14k50.asm
                T0CONbits   0x000fd5       data     extern E:\3.46\pic18-lt\cxx-framework\src\traditional\proc\p18f14k50.asm
                    T1CON   0x000fcd       data     extern E:\3.46\pic18-lt\cxx-framework\src\traditional\proc\p18f14k50.asm
                T1CONbits   0x000fcd       data     extern E:\3.46\pic18-lt\cxx-framework\src\traditional\proc\p18f14k50.asm
                    T2CON   0x000fca       data     extern E:\3.46\pic18-lt\cxx-framework\src\traditional\proc\p18f14k50.asm
                T2CONbits   0x000fca       data     extern E:\3.46\pic18-lt\cxx-framework\src\traditional\proc\p18f14k50.asm
                    T3CON   0x000fb1       data     extern E:\3.46\pic18-lt\cxx-framework\src\traditional\proc\p18f14k50.asm
                T3CONbits   0x000fb1       data     extern E:\3.46\pic18-lt\cxx-framework\src\traditional\proc\p18f14k50.asm
                   TABLAT   0x000ff5       data     extern E:\3.46\pic18-lt\cxx-framework\src\traditional\proc\p18f14k50.asm
                   TBLPTR   0x000ff6       data     extern E:\3.46\pic18-lt\cxx-framework\src\traditional\proc\p18f14k50.asm
                  TBLPTRH   0x000ff7       data     extern E:\3.46\pic18-lt\cxx-framework\src\traditional\proc\p18f14k50.asm
                  TBLPTRL   0x000ff6       data     extern E:\3.46\pic18-lt\cxx-framework\src\traditional\proc\p18f14k50.asm
                  TBLPTRU   0x000ff8       data     extern E:\3.46\pic18-lt\cxx-framework\src\traditional\proc\p18f14k50.asm
                    TMR0H   0x000fd7       data     extern E:\3.46\pic18-lt\cxx-framework\src\traditional\proc\p18f14k50.asm
                    TMR0L   0x000fd6       data     extern E:\3.46\pic18-lt\cxx-framework\src\traditional\proc\p18f14k50.asm
                    TMR1H   0x000fcf       data     extern E:\3.46\pic18-lt\cxx-framework\src\traditional\proc\p18f14k50.asm
                    TMR1L   0x000fce       data     extern E:\3.46\pic18-lt\cxx-framework\src\traditional\proc\p18f14k50.asm
                     TMR2   0x000fcc       data     extern E:\3.46\pic18-lt\cxx-framework\src\traditional\proc\p18f14k50.asm
                    TMR3H   0x000fb3       data     extern E:\3.46\pic18-lt\cxx-framework\src\traditional\proc\p18f14k50.asm
                    TMR3L   0x000fb2       data     extern E:\3.46\pic18-lt\cxx-framework\src\traditional\proc\p18f14k50.asm
                      TOS   0x000ffd       data     extern E:\3.46\pic18-lt\cxx-framework\src\traditional\proc\p18f14k50.asm
                     TOSH   0x000ffe       data     extern E:\3.46\pic18-lt\cxx-framework\src\traditional\proc\p18f14k50.asm
                     TOSL   0x000ffd       data     extern E:\3.46\pic18-lt\cxx-framework\src\traditional\proc\p18f14k50.asm
                     TOSU   0x000fff       data     extern E:\3.46\pic18-lt\cxx-framework\src\traditional\proc\p18f14k50.asm
                    TRISA   0x000f92       data     extern E:\3.46\pic18-lt\cxx-framework\src\traditional\proc\p18f14k50.asm
                TRISAbits   0x000f92       data     extern E:\3.46\pic18-lt\cxx-framework\src\traditional\proc\p18f14k50.asm
                    TRISB   0x000f93       data     extern E:\3.46\pic18-lt\cxx-framework\src\traditional\proc\p18f14k50.asm
                TRISBbits   0x000f93       data     extern E:\3.46\pic18-lt\cxx-framework\src\traditional\proc\p18f14k50.asm
                    TRISC   0x000f94       data     extern E:\3.46\pic18-lt\cxx-framework\src\traditional\proc\p18f14k50.asm
                TRISCbits   0x000f94       data     extern E:\3.46\pic18-lt\cxx-framework\src\traditional\proc\p18f14k50.asm
                    TXREG   0x000fad       data     extern E:\3.46\pic18-lt\cxx-framework\src\traditional\proc\p18f14k50.asm
                    TXSTA   0x000fac       data     extern E:\3.46\pic18-lt\cxx-framework\src\traditional\proc\p18f14k50.asm
                TXSTAbits   0x000fac       data     extern E:\3.46\pic18-lt\cxx-framework\src\traditional\proc\p18f14k50.asm
                    UADDR   0x000f5c       data     extern E:\3.46\pic18-lt\cxx-framework\src\traditional\proc\p18f14k50.asm
                UADDRbits   0x000f5c       data     extern E:\3.46\pic18-lt\cxx-framework\src\traditional\proc\p18f14k50.asm
                     UCFG   0x000f61       data     extern E:\3.46\pic18-lt\cxx-framework\src\traditional\proc\p18f14k50.asm
                 UCFGbits   0x000f61       data     extern E:\3.46\pic18-lt\cxx-framework\src\traditional\proc\p18f14k50.asm
                     UCON   0x000f64       data     extern E:\3.46\pic18-lt\cxx-framework\src\traditional\proc\p18f14k50.asm
                 UCONbits   0x000f64       data     extern E:\3.46\pic18-lt\cxx-framework\src\traditional\proc\p18f14k50.asm
                     UEIE   0x000f5b       data     extern E:\3.46\pic18-lt\cxx-framework\src\traditional\proc\p18f14k50.asm
                 UEIEbits   0x000f5b       data     extern E:\3.46\pic18-lt\cxx-framework\src\traditional\proc\p18f14k50.asm
                     UEIR   0x000f5f       data     extern E:\3.46\pic18-lt\cxx-framework\src\traditional\proc\p18f14k50.asm
                 UEIRbits   0x000f5f       data     extern E:\3.46\pic18-lt\cxx-framework\src\traditional\proc\p18f14k50.asm
                     UEP0   0x000f53       data     extern E:\3.46\pic18-lt\cxx-framework\src\traditional\proc\p18f14k50.asm
                 UEP0bits   0x000f53       data     extern E:\3.46\pic18-lt\cxx-framework\src\traditional\proc\p18f14k50.asm
                     UEP1   0x000f54       data     extern E:\3.46\pic18-lt\cxx-framework\src\traditional\proc\p18f14k50.asm
                 UEP1bits   0x000f54       data     extern E:\3.46\pic18-lt\cxx-framework\src\traditional\proc\p18f14k50.asm
                     UEP2   0x000f55       data     extern E:\3.46\pic18-lt\cxx-framework\src\traditional\proc\p18f14k50.asm
                 UEP2bits   0x000f55       data     extern E:\3.46\pic18-lt\cxx-framework\src\traditional\proc\p18f14k50.asm
                     UEP3   0x000f56       data     extern E:\3.46\pic18-lt\cxx-framework\src\traditional\proc\p18f14k50.asm
                 UEP3bits   0x000f56       data     extern E:\3.46\pic18-lt\cxx-framework\src\traditional\proc\p18f14k50.asm
                     UEP4   0x000f57       data     extern E:\3.46\pic18-lt\cxx-framework\src\traditional\proc\p18f14k50.asm
                 UEP4bits   0x000f57       data     extern E:\3.46\pic18-lt\cxx-framework\src\traditional\proc\p18f14k50.asm
                     UEP5   0x000f58       data     extern E:\3.46\pic18-lt\cxx-framework\src\traditional\proc\p18f14k50.asm
                 UEP5bits   0x000f58       data     extern E:\3.46\pic18-lt\cxx-framework\src\traditional\proc\p18f14k50.asm
                     UEP6   0x000f59       data     extern E:\3.46\pic18-lt\cxx-framework\src\traditional\proc\p18f14k50.asm
                 UEP6bits   0x000f59       data     extern E:\3.46\pic18-lt\cxx-framework\src\traditional\proc\p18f14k50.asm
                     UEP7   0x000f5a       data     extern E:\3.46\pic18-lt\cxx-framework\src\traditional\proc\p18f14k50.asm
                 UEP7bits   0x000f5a       data     extern E:\3.46\pic18-lt\cxx-framework\src\traditional\proc\p18f14k50.asm
                    UFRMH   0x000f5e       data     extern E:\3.46\pic18-lt\cxx-framework\src\traditional\proc\p18f14k50.asm
                UFRMHbits   0x000f5e       data     extern E:\3.46\pic18-lt\cxx-framework\src\traditional\proc\p18f14k50.asm
                    UFRML   0x000f5d       data     extern E:\3.46\pic18-lt\cxx-framework\src\traditional\proc\p18f14k50.asm
                UFRMLbits   0x000f5d       data     extern E:\3.46\pic18-lt\cxx-framework\src\traditional\proc\p18f14k50.asm
                      UIE   0x000f60       data     extern E:\3.46\pic18-lt\cxx-framework\src\traditional\proc\p18f14k50.asm
                  UIEbits   0x000f60       data     extern E:\3.46\pic18-lt\cxx-framework\src\traditional\proc\p18f14k50.asm
                      UIR   0x000f62       data     extern E:\3.46\pic18-lt\cxx-framework\src\traditional\proc\p18f14k50.asm
                  UIRbits   0x000f62       data     extern E:\3.46\pic18-lt\cxx-framework\src\traditional\proc\p18f14k50.asm
         USART_last_start   0x00009d       data     extern D:\UsersData\Vlak\FW\ULI\uLI-master\main.c
   USBActiveConfiguration   0x000061       data     extern D:\UsersData\Vlak\FW\ULI\uLI-master\usb_device.c
    USBAlternateInterface   0x000062       data     extern D:\UsersData\Vlak\FW\ULI\uLI-master\usb_device.c
           USBDeviceState   0x000060       data     extern D:\UsersData\Vlak\FW\ULI\uLI-master\usb_device.c
                USBInData   0x000090       data     extern D:\UsersData\Vlak\FW\ULI\uLI-master\usb_device.c
       USBInMaxPacketSize   0x00008a       data     extern D:\UsersData\Vlak\FW\ULI\uLI-master\usb_device.c
           USB_Out_Buffer   0x000180       data     extern D:\UsersData\Vlak\FW\ULI\uLI-master\main.c
                    USTAT   0x000f63       data     extern E:\3.46\pic18-lt\cxx-framework\src\traditional\proc\p18f14k50.asm
                USTATbits   0x000f63       data     extern E:\3.46\pic18-lt\cxx-framework\src\traditional\proc\p18f14k50.asm
                USTATcopy   0x000088       data     extern D:\UsersData\Vlak\FW\ULI\uLI-master\usb_device.c
                 VREFCON0   0x000fba       data     extern E:\3.46\pic18-lt\cxx-framework\src\traditional\proc\p18f14k50.asm
             VREFCON0bits   0x000fba       data     extern E:\3.46\pic18-lt\cxx-framework\src\traditional\proc\p18f14k50.asm
                 VREFCON1   0x000fbb       data     extern E:\3.46\pic18-lt\cxx-framework\src\traditional\proc\p18f14k50.asm
             VREFCON1bits   0x000fbb       data     extern E:\3.46\pic18-lt\cxx-framework\src\traditional\proc\p18f14k50.asm
                 VREFCON2   0x000fbc       data     extern E:\3.46\pic18-lt\cxx-framework\src\traditional\proc\p18f14k50.asm
             VREFCON2bits   0x000fbc       data     extern E:\3.46\pic18-lt\cxx-framework\src\traditional\proc\p18f14k50.asm
                        W   0x000fe8       data     extern E:\3.46\pic18-lt\cxx-framework\src\traditional\proc\p18f14k50.asm
                   WDTCON   0x000fd1       data     extern E:\3.46\pic18-lt\cxx-framework\src\traditional\proc\p18f14k50.asm
               WDTCONbits   0x000fd1       data     extern E:\3.46\pic18-lt\cxx-framework\src\traditional\proc\p18f14k50.asm
                     WPUA   0x000f77       data     extern E:\3.46\pic18-lt\cxx-framework\src\traditional\proc\p18f14k50.asm
                 WPUAbits   0x000f77       data     extern E:\3.46\pic18-lt\cxx-framework\src\traditional\proc\p18f14k50.asm
                     WPUB   0x000f78       data     extern E:\3.46\pic18-lt\cxx-framework\src\traditional\proc\p18f14k50.asm
                 WPUBbits   0x000f78       data     extern E:\3.46\pic18-lt\cxx-framework\src\traditional\proc\p18f14k50.asm
                     WREG   0x000fe8       data     extern E:\3.46\pic18-lt\cxx-framework\src\traditional\proc\p18f14k50.asm
                 __AARGB0   0x000009       data     extern E:\3.46\pic18-lt\cxx-framework\src\traditional\math\aarg.asm
                 __AARGB1   0x000008       data     extern E:\3.46\pic18-lt\cxx-framework\src\traditional\math\aarg.asm
                 __AARGB2   0x000007       data     extern E:\3.46\pic18-lt\cxx-framework\src\traditional\math\aarg.asm
                 __AARGB3   0x000006       data     extern E:\3.46\pic18-lt\cxx-framework\src\traditional\math\aarg.asm
                 __AARGB4   0x000005       data     extern E:\3.46\pic18-lt\cxx-framework\src\traditional\math\aarg.asm
                 __AARGB5   0x000004       data     extern E:\3.46\pic18-lt\cxx-framework\src\traditional\math\aarg.asm
                 __AARGB6   0x000003       data     extern E:\3.46\pic18-lt\cxx-framework\src\traditional\math\aarg.asm
                 __AARGB7   0x000002       data     extern E:\3.46\pic18-lt\cxx-framework\src\traditional\math\aarg.asm
                   __AEXP   0x00000a       data     extern E:\3.46\pic18-lt\cxx-framework\src\traditional\math\aarg.asm
                 __BARGB0   0x00000e       data     extern E:\3.46\pic18-lt\cxx-framework\src\traditional\math\barg.asm
                 __BARGB1   0x00000d       data     extern E:\3.46\pic18-lt\cxx-framework\src\traditional\math\barg.asm
                 __BARGB2   0x00000c       data     extern E:\3.46\pic18-lt\cxx-framework\src\traditional\math\barg.asm
                 __BARGB3   0x00000b       data     extern E:\3.46\pic18-lt\cxx-framework\src\traditional\math\barg.asm
                   __BEXP   0x00000f       data     extern E:\3.46\pic18-lt\cxx-framework\src\traditional\math\barg.asm
                __FPFLAGS   0x000001       data     extern E:\3.46\pic18-lt\cxx-framework\src\traditional\math\cmath18.asm
            __FPFLAGSbits   0x000001       data     extern E:\3.46\pic18-lt\cxx-framework\src\traditional\math\cmath18.asm
                  __REMB0   0x000005       data     extern E:\3.46\pic18-lt\cxx-framework\src\traditional\math\aarg.asm
                  __REMB1   0x000004       data     extern E:\3.46\pic18-lt\cxx-framework\src\traditional\math\aarg.asm
                  __REMB2   0x000003       data     extern E:\3.46\pic18-lt\cxx-framework\src\traditional\math\aarg.asm
                  __REMB3   0x000002       data     extern E:\3.46\pic18-lt\cxx-framework\src\traditional\math\aarg.asm
                  __tmp_0   0x000010       data     static D:\UsersData\Vlak\FW\ULI\uLI-master\usb_function_cdc.c
                  __tmp_0   0x000010       data     static D:\UsersData\Vlak\FW\ULI\uLI-master\usb_device.c
                  __tmp_0   0x000010       data     static D:\UsersData\Vlak\FW\ULI\uLI-master\usart.c
                  __tmp_0   0x000010       data     static D:\UsersData\Vlak\FW\ULI\uLI-master\ringBuffer.c
                  __tmp_0   0x000010       data     static D:\UsersData\Vlak\FW\ULI\uLI-master\main.c
           active_devices   0x0000a5       data     extern D:\UsersData\Vlak\FW\ULI\uLI-master\main.c
              cdc_data_rx   0x000258       data     extern D:\UsersData\Vlak\FW\ULI\uLI-master\usb_function_cdc.c
              cdc_data_tx   0x000298       data     extern D:\UsersData\Vlak\FW\ULI\uLI-master\usb_function_cdc.c
             cdc_mem_type   0x0002e6       data     extern D:\UsersData\Vlak\FW\ULI\uLI-master\usb_function_cdc.c
               cdc_notice   0x000250       data     extern D:\UsersData\Vlak\FW\ULI\uLI-master\usb_function_cdc.c
               cdc_rx_len   0x0002df       data     extern D:\UsersData\Vlak\FW\ULI\uLI-master\usb_function_cdc.c
            cdc_trf_state   0x0002e0       data     extern D:\UsersData\Vlak\FW\ULI\uLI-master\usb_function_cdc.c
               cdc_tx_len   0x0002e5       data     extern D:\UsersData\Vlak\FW\ULI\uLI-master\usb_function_cdc.c
     controlTransferState   0x000078       data     extern D:\UsersData\Vlak\FW\ULI\uLI-master\usb_device.c
    control_signal_bitmap   0x0002eb       data     extern D:\UsersData\Vlak\FW\ULI\uLI-master\usb_function_cdc.c
                curr_byte   0x0001eb       data     static E:\3.46\pic18-lt\cxx-framework\src\traditional\startup\c018i.c
               curr_entry   0x0001ed       data     static E:\3.46\pic18-lt\cxx-framework\src\traditional\startup\c018i.c
              current_dev   0x000096       data     extern D:\UsersData\Vlak\FW\ULI\uLI-master\main.c
                 data_ptr   0x0001ef       data     static E:\3.46\pic18-lt\cxx-framework\src\traditional\startup\c018i.c
            dirty_devices   0x0000a9       data     extern D:\UsersData\Vlak\FW\ULI\uLI-master\main.c
dummy_encapsulated_cmd_response   0x0002f0       data     extern D:\UsersData\Vlak\FW\ULI\uLI-master\usb_function_cdc.c
                  inPipes   0x000079       data     extern D:\UsersData\Vlak\FW\ULI\uLI-master\usb_device.c
               keep_alive   0x0000ad       data     extern D:\UsersData\Vlak\FW\ULI\uLI-master\main.c
               last_start   0x0000bd       data     static D:\UsersData\Vlak\FW\ULI\uLI-master\main.c
              line_coding   0x0002d8       data     extern D:\UsersData\Vlak\FW\ULI\uLI-master\usb_function_cdc.c
          mLED_In_Timeout   0x0000b1       data     extern D:\UsersData\Vlak\FW\ULI\uLI-master\main.c
         mLED_Out_Timeout   0x0000b2       data     extern D:\UsersData\Vlak\FW\ULI\uLI-master\main.c
      master_send_waiting   0x0000b9       data     extern D:\UsersData\Vlak\FW\ULI\uLI-master\main.c
                 outPipes   0x00007e       data     extern D:\UsersData\Vlak\FW\ULI\uLI-master\usb_device.c
   pBDTEntryEP0OutCurrent   0x000063       data     extern D:\UsersData\Vlak\FW\ULI\uLI-master\usb_device.c
      pBDTEntryEP0OutNext   0x000065       data     extern D:\UsersData\Vlak\FW\ULI\uLI-master\usb_device.c
              pBDTEntryIn   0x00006f       data     extern D:\UsersData\Vlak\FW\ULI\uLI-master\usb_device.c
             pBDTEntryOut   0x000067       data     extern D:\UsersData\Vlak\FW\ULI\uLI-master\usb_device.c
                  pCDCDst   0x0002e3       data     extern D:\UsersData\Vlak\FW\ULI\uLI-master\usb_function_cdc.c
                  pCDCSrc   0x0002e1       data     extern D:\UsersData\Vlak\FW\ULI\uLI-master\usb_function_cdc.c
                     pDst   0x000085       data     extern D:\UsersData\Vlak\FW\ULI\uLI-master\usb_device.c
                     prom   0x0001e8       data     static E:\3.46\pic18-lt\cxx-framework\src\traditional\startup\c018i.c
     pwr_led_base_counter   0x0000b4       data     extern D:\UsersData\Vlak\FW\ULI\uLI-master\main.c
     pwr_led_base_timeout   0x0000b3       data     extern D:\UsersData\Vlak\FW\ULI\uLI-master\main.c
           pwr_led_status   0x0000b6       data     extern D:\UsersData\Vlak\FW\ULI\uLI-master\main.c
   pwr_led_status_counter   0x0000b5       data     extern D:\UsersData\Vlak\FW\ULI\uLI-master\main.c
                 received   0x0000ba       data     static D:\UsersData\Vlak\FW\ULI\uLI-master\main.c
        ring_USART_datain   0x0001c4       data     extern D:\UsersData\Vlak\FW\ULI\uLI-master\main.c
          ring_USB_datain   0x0001a0       data     extern D:\UsersData\Vlak\FW\ULI\uLI-master\main.c
               sense_hist   0x0000b7       data     extern D:\UsersData\Vlak\FW\ULI\uLI-master\main.c
            sent_callback   0x0000a0       data     extern D:\UsersData\Vlak\FW\ULI\uLI-master\main.c
        shortPacketStatus   0x000077       data     extern D:\UsersData\Vlak\FW\ULI\uLI-master\usb_device.c
           ten_ms_counter   0x00009e       data     extern D:\UsersData\Vlak\FW\ULI\uLI-master\main.c
     usart_last_byte_sent   0x0000a3       data     extern D:\UsersData\Vlak\FW\ULI\uLI-master\main.c
            usart_timeout   0x00009b       data     extern D:\UsersData\Vlak\FW\ULI\uLI-master\main.c
            usart_to_send   0x0000a2       data     extern D:\UsersData\Vlak\FW\ULI\uLI-master\main.c
           usb_configured   0x0000a4       data     extern D:\UsersData\Vlak\FW\ULI\uLI-master\main.c
              usb_timeout   0x00009a       data     extern D:\UsersData\Vlak\FW\ULI\uLI-master\main.c



                              Symbols - Sorted by Address
                     Name    Address   Location    Storage File                     
                ---------  ---------  ---------  --------- ---------                
                   _entry   0x000000    program     extern E:\3.46\pic18-lt\cxx-framework\src\traditional\startup\c018i.c
       ___return_lbl00000   0x000004    program     static                          
        Remapped_High_ISR   0x000008    program     extern D:\UsersData\Vlak\FW\ULI\uLI-master\main.c
       ___return_lbl00000   0x00000c    program     static                          
         Remapped_Low_ISR   0x000018    program     extern D:\UsersData\Vlak\FW\ULI\uLI-master\main.c
       ___return_lbl00001   0x00001c    program     static                          
  YourHighPriorityISRCode   0x00002e    program     extern D:\UsersData\Vlak\FW\ULI\uLI-master\main.c
   YourLowPriorityISRCode   0x0000f4    program     extern D:\UsersData\Vlak\FW\ULI\uLI-master\main.c
                     main   0x000292    program     extern D:\UsersData\Vlak\FW\ULI\uLI-master\main.c
        initialize_system   0x0003fe    program     extern D:\UsersData\Vlak\FW\ULI\uLI-master\main.c
                user_init   0x000412    program     extern D:\UsersData\Vlak\FW\ULI\uLI-master\main.c
             USBCBSuspend   0x000468    program     extern D:\UsersData\Vlak\FW\ULI\uLI-master\main.c
     USBCBWakeFromSuspend   0x000490    program     extern D:\UsersData\Vlak\FW\ULI\uLI-master\main.c
        USBCB_SOF_Handler   0x00049a    program     extern D:\UsersData\Vlak\FW\ULI\uLI-master\main.c
        USBCBErrorHandler   0x00049c    program     extern D:\UsersData\Vlak\FW\ULI\uLI-master\main.c
       USBCBCheckOtherReq   0x00049e    program     extern D:\UsersData\Vlak\FW\ULI\uLI-master\main.c
    USBCBStdSetDscHandler   0x0004a2    program     extern D:\UsersData\Vlak\FW\ULI\uLI-master\main.c
              USBCBInitEP   0x0004a4    program     extern D:\UsersData\Vlak\FW\ULI\uLI-master\main.c
          USBCBSendResume   0x0004b2    program     extern D:\UsersData\Vlak\FW\ULI\uLI-master\main.c
USER_USB_CALLBACK_EVENT_HANDLER   0x0004b4    program     extern D:\UsersData\Vlak\FW\ULI\uLI-master\main.c
              __tmplbl_26   0x0004d0    program     static                          
              __tmplbl_27   0x0004dc    program     static                          
              __tmplbl_28   0x0004e6    program     static                          
              __tmplbl_29   0x0004f0    program     static                          
              __tmplbl_30   0x0004fa    program     static                          
              __tmplbl_31   0x000504    program     static                          
              __tmplbl_32   0x00050e    program     static                          
              __tmplbl_33   0x000518    program     static                          
       ___case_1_lbl00070   0x00051c    program     static                          
       ___case_2_lbl00071   0x000520    program     static                          
       ___case_3_lbl00072   0x000524    program     static                          
     ___case_115_lbl00073   0x000528    program     static                          
     ___case_117_lbl00074   0x00052c    program     static                          
     ___case_116_lbl00075   0x000530    program     static                          
   ___case_32767_lbl00076   0x000534    program     static                          
     ___case_114_lbl00077   0x000538    program     static                          
      ___default_lbl00078   0x00053c    program     static                          
   ___switchexit_lbl00069   0x00053e    program     static                          
       ___return_lbl00068   0x000542    program     static                          
                 calc_xor   0x00054a    program     extern D:\UsersData\Vlak\FW\ULI\uLI-master\main.c
     USART_check_timeouts   0x0005ca    program     extern D:\UsersData\Vlak\FW\ULI\uLI-master\main.c
  USART_receive_interrupt   0x000614    program     extern D:\UsersData\Vlak\FW\ULI\uLI-master\main.c
                 USB_send   0x000878    program     extern D:\UsersData\Vlak\FW\ULI\uLI-master\main.c
              USB_receive   0x000950    program     extern D:\UsersData\Vlak\FW\ULI\uLI-master\main.c
 parse_command_for_master   0x000ce0    program     extern D:\UsersData\Vlak\FW\ULI\uLI-master\main.c
    USART_send_next_frame   0x000e1c    program     extern D:\UsersData\Vlak\FW\ULI\uLI-master\main.c
USART_send_rest_of_message   0x000e94    program     extern D:\UsersData\Vlak\FW\ULI\uLI-master\main.c
USART_request_next_device   0x000f12    program     extern D:\UsersData\Vlak\FW\ULI\uLI-master\main.c
          dump_buf_to_USB   0x001076    program     extern D:\UsersData\Vlak\FW\ULI\uLI-master\main.c
             init_devices   0x001130    program     extern D:\UsersData\Vlak\FW\ULI\uLI-master\main.c
              calc_parity   0x00113c    program     extern D:\UsersData\Vlak\FW\ULI\uLI-master\main.c
            USART_ni_sent   0x0011c0    program     extern D:\UsersData\Vlak\FW\ULI\uLI-master\main.c
     USB_send_master_data   0x0011d4    program     extern D:\UsersData\Vlak\FW\ULI\uLI-master\main.c
 check_device_data_to_USB   0x00121e    program     extern D:\UsersData\Vlak\FW\ULI\uLI-master\main.c
            USBDeviceInit   0x001530    program     extern D:\UsersData\Vlak\FW\ULI\uLI-master\usb_device.c
           USBDeviceTasks   0x00160c    program     extern D:\UsersData\Vlak\FW\ULI\uLI-master\usb_device.c
          USBStallHandler   0x001754    program     extern D:\UsersData\Vlak\FW\ULI\uLI-master\usb_device.c
               USBSuspend   0x001788    program     extern D:\UsersData\Vlak\FW\ULI\uLI-master\usb_device.c
       USBWakeFromSuspend   0x0017ac    program     extern D:\UsersData\Vlak\FW\ULI\uLI-master\usb_device.c
         USBCtrlEPService   0x0017d6    program     extern D:\UsersData\Vlak\FW\ULI\uLI-master\usb_device.c
   USBCtrlTrfSetupHandler   0x0018b0    program     extern D:\UsersData\Vlak\FW\ULI\uLI-master\usb_device.c
     USBCtrlTrfOutHandler   0x0018f6    program     extern D:\UsersData\Vlak\FW\ULI\uLI-master\usb_device.c
      USBCtrlTrfInHandler   0x001942    program     extern D:\UsersData\Vlak\FW\ULI\uLI-master\usb_device.c
USBPrepareForNextSetupTrf   0x0019dc    program     extern D:\UsersData\Vlak\FW\ULI\uLI-master\usb_device.c
       USBCheckStdRequest   0x001a40    program     extern D:\UsersData\Vlak\FW\ULI\uLI-master\usb_device.c
  USBStdFeatureReqHandler   0x001afe    program     extern D:\UsersData\Vlak\FW\ULI\uLI-master\usb_device.c
      USBStdGetDscHandler   0x001c08    program     extern D:\UsersData\Vlak\FW\ULI\uLI-master\usb_device.c
   USBStdGetStatusHandler   0x001cb6    program     extern D:\UsersData\Vlak\FW\ULI\uLI-master\usb_device.c
 USBCtrlEPServiceComplete   0x001d6a    program     extern D:\UsersData\Vlak\FW\ULI\uLI-master\usb_device.c
      USBCtrlTrfTxService   0x001f0e    program     extern D:\UsersData\Vlak\FW\ULI\uLI-master\usb_device.c
      USBCtrlTrfRxService   0x002020    program     extern D:\UsersData\Vlak\FW\ULI\uLI-master\usb_device.c
      USBStdSetCfgHandler   0x002158    program     extern D:\UsersData\Vlak\FW\ULI\uLI-master\usb_device.c
     USBConfigureEndpoint   0x002228    program     extern D:\UsersData\Vlak\FW\ULI\uLI-master\usb_device.c
        USBEnableEndpoint   0x0022f2    program     extern D:\UsersData\Vlak\FW\ULI\uLI-master\usb_device.c
         USBStallEndpoint   0x00235e    program     extern D:\UsersData\Vlak\FW\ULI\uLI-master\usb_device.c
     USBTransferOnePacket   0x00243a    program     extern D:\UsersData\Vlak\FW\ULI\uLI-master\usb_device.c
              USBCancelIO   0x00252c    program     extern D:\UsersData\Vlak\FW\ULI\uLI-master\usb_device.c
          USBDeviceDetach   0x0025dc    program     extern D:\UsersData\Vlak\FW\ULI\uLI-master\usb_device.c
          USBDeviceAttach   0x0025e6    program     extern D:\UsersData\Vlak\FW\ULI\uLI-master\usb_device.c
              ringAddByte   0x002616    program     extern D:\UsersData\Vlak\FW\ULI\uLI-master\ringBuffer.c
           ringRemoveByte   0x0026c2    program     extern D:\UsersData\Vlak\FW\ULI\uLI-master\ringBuffer.c
          ringRemoveFrame   0x00282e    program     extern D:\UsersData\Vlak\FW\ULI\uLI-master\ringBuffer.c
             ringReadByte   0x00296c    program     extern D:\UsersData\Vlak\FW\ULI\uLI-master\ringBuffer.c
            ringSerialize   0x0029d0    program     extern D:\UsersData\Vlak\FW\ULI\uLI-master\ringBuffer.c
     ringRemoveFromMiddle   0x002a8c    program     extern D:\UsersData\Vlak\FW\ULI\uLI-master\ringBuffer.c
           ringAddToStart   0x002c3e    program     extern D:\UsersData\Vlak\FW\ULI\uLI-master\ringBuffer.c
                ringClear   0x002e0e    program     extern D:\UsersData\Vlak\FW\ULI\uLI-master\ringBuffer.c
       USBCheckCDCRequest   0x002e62    program     extern D:\UsersData\Vlak\FW\ULI\uLI-master\usb_function_cdc.c
                CDCInitEP   0x002efe    program     extern D:\UsersData\Vlak\FW\ULI\uLI-master\usb_function_cdc.c
             getsUSBUSART   0x002f66    program     extern D:\UsersData\Vlak\FW\ULI\uLI-master\usb_function_cdc.c
              putUSBUSART   0x003020    program     extern D:\UsersData\Vlak\FW\ULI\uLI-master\usb_function_cdc.c
             putsUSBUSART   0x003052    program     extern D:\UsersData\Vlak\FW\ULI\uLI-master\usb_function_cdc.c
            putrsUSBUSART   0x0030d6    program     extern D:\UsersData\Vlak\FW\ULI\uLI-master\usb_function_cdc.c
             CDCTxService   0x00315c    program     extern D:\UsersData\Vlak\FW\ULI\uLI-master\usb_function_cdc.c
                USARTInit   0x0032aa    program     extern D:\UsersData\Vlak\FW\ULI\uLI-master\usart.c
           USARTWriteByte   0x0032ce    program     extern D:\UsersData\Vlak\FW\ULI\uLI-master\usart.c
           USARTInputData   0x0032f0    program     extern D:\UsersData\Vlak\FW\ULI\uLI-master\usart.c
            USARTReadByte   0x0032fa    program     extern D:\UsersData\Vlak\FW\ULI\uLI-master\usart.c
                _do_cinit   0x00335c    program     extern E:\3.46\pic18-lt\cxx-framework\src\traditional\startup\c018i.c
                     test   0x003376    program     static                          
                copy_loop   0x0033ce    program     static                          
            copy_one_byte   0x0033d4    program     static                          
             done_copying   0x0033e2    program     static                          
       ___return_lbl00002   0x0033f8    program     static                          
                     done   0x0033f8    program     static                          
               device_dsc   0x0033fa    program     extern D:\UsersData\Vlak\FW\ULI\uLI-master\usb_descriptors.c
        configDescriptor1   0x00340c    program     extern D:\UsersData\Vlak\FW\ULI\uLI-master\usb_descriptors.c
                    sd000   0x00344f    program     extern D:\UsersData\Vlak\FW\ULI\uLI-master\usb_descriptors.c
                    sd001   0x003453    program     extern D:\UsersData\Vlak\FW\ULI\uLI-master\usb_descriptors.c
                    sd002   0x003469    program     extern D:\UsersData\Vlak\FW\ULI\uLI-master\usb_descriptors.c
               USB_CD_Ptr   0x003483    program     extern D:\UsersData\Vlak\FW\ULI\uLI-master\usb_descriptors.c
               USB_SD_Ptr   0x003485    program     extern D:\UsersData\Vlak\FW\ULI\uLI-master\usb_descriptors.c
                 FXD1616S   0x00348c    program     extern E:\3.46\pic18-lt\cxx-framework\src\traditional\math\fxd1616s.asm
                  DA1616S   0x00349e    program     static E:\3.46\pic18-lt\cxx-framework\src\traditional\math\fxd1616s.asm
                   D1616S   0x0034ae    program     static E:\3.46\pic18-lt\cxx-framework\src\traditional\math\fxd1616s.asm
                 D1616SOK   0x0034b8    program     static E:\3.46\pic18-lt\cxx-framework\src\traditional\math\fxd1616s.asm
                D1616SNEG   0x0034bc    program     static E:\3.46\pic18-lt\cxx-framework\src\traditional\math\fxd1616s.asm
                  D1616SX   0x0034ce    program     static E:\3.46\pic18-lt\cxx-framework\src\traditional\math\fxd1616s.asm
                   memset   0x0034d8    program     extern E:\3.46\pic18-lt\cxx-framework\src\traditional\stdclib\memset.asm
                    jLoop   0x0034ec    program     static E:\3.46\pic18-lt\cxx-framework\src\traditional\stdclib\memset.asm
              _2jContinue   0x0034f8    program     static E:\3.46\pic18-lt\cxx-framework\src\traditional\stdclib\memset.asm
                   _3jEnd   0x003502    program     static E:\3.46\pic18-lt\cxx-framework\src\traditional\stdclib\memset.asm
                     jEnd   0x00350a    program     static E:\3.46\pic18-lt\cxx-framework\src\traditional\stdclib\memset.asm
                 FXD1616U   0x00350c    program     extern E:\3.46\pic18-lt\cxx-framework\src\traditional\math\fxd1616u.c
                     loop   0x003516    program     static                          
                  endloop   0x003532    program     static                          
       ___return_lbl00000   0x003536    program     static                          
            __zero_memory   0x003538    program     extern E:\3.46\pic18-lt\cxx-framework\src\traditional\proc\p18f14k50.asm
               zero_block   0x003546    program     static E:\3.46\pic18-lt\cxx-framework\src\traditional\proc\p18f14k50.asm
                   loop_h   0x003546    program     static E:\3.46\pic18-lt\cxx-framework\src\traditional\proc\p18f14k50.asm
                compare_l   0x00354e    program     static E:\3.46\pic18-lt\cxx-framework\src\traditional\proc\p18f14k50.asm
                   loop_l   0x003550    program     static E:\3.46\pic18-lt\cxx-framework\src\traditional\proc\p18f14k50.asm
                 _startup   0x003558    program     extern E:\3.46\pic18-lt\cxx-framework\src\traditional\startup\c018i.c
                     loop   0x003568    program     static                          
       ___return_lbl00001   0x003572    program     static                          
                   __init   0x003574    program     extern E:\3.46\pic18-lt\cxx-framework\src\traditional\stdclib\__init.c
               __config_0   0x300000    program     static D:\UsersData\Vlak\FW\ULI\uLI-master\main.c
               __config_1   0x300001    program     static D:\UsersData\Vlak\FW\ULI\uLI-master\main.c
               __config_2   0x300002    program     static D:\UsersData\Vlak\FW\ULI\uLI-master\main.c
               __config_3   0x300003    program     static D:\UsersData\Vlak\FW\ULI\uLI-master\main.c
               __config_4   0x300005    program     static D:\UsersData\Vlak\FW\ULI\uLI-master\main.c
               __config_5   0x300006    program     static D:\UsersData\Vlak\FW\ULI\uLI-master\main.c
               __config_6   0x300008    program     static D:\UsersData\Vlak\FW\ULI\uLI-master\main.c
               __config_7   0x300009    program     static D:\UsersData\Vlak\FW\ULI\uLI-master\main.c
               __config_8   0x30000a    program     static D:\UsersData\Vlak\FW\ULI\uLI-master\main.c
               __config_9   0x30000b    program     static D:\UsersData\Vlak\FW\ULI\uLI-master\main.c
              __config_10   0x30000c    program     static D:\UsersData\Vlak\FW\ULI\uLI-master\main.c
              __config_11   0x30000d    program     static D:\UsersData\Vlak\FW\ULI\uLI-master\main.c
                     SIGN   0x000000       data     extern E:\3.46\pic18-lt\cxx-framework\src\traditional\math\cmath18.asm
            __FPFLAGSbits   0x000001       data     extern E:\3.46\pic18-lt\cxx-framework\src\traditional\math\cmath18.asm
                __FPFLAGS   0x000001       data     extern E:\3.46\pic18-lt\cxx-framework\src\traditional\math\cmath18.asm
                  __REMB3   0x000002       data     extern E:\3.46\pic18-lt\cxx-framework\src\traditional\math\aarg.asm
                 __AARGB7   0x000002       data     extern E:\3.46\pic18-lt\cxx-framework\src\traditional\math\aarg.asm
                  __REMB2   0x000003       data     extern E:\3.46\pic18-lt\cxx-framework\src\traditional\math\aarg.asm
                 __AARGB6   0x000003       data     extern E:\3.46\pic18-lt\cxx-framework\src\traditional\math\aarg.asm
                 __AARGB5   0x000004       data     extern E:\3.46\pic18-lt\cxx-framework\src\traditional\math\aarg.asm
                  __REMB1   0x000004       data     extern E:\3.46\pic18-lt\cxx-framework\src\traditional\math\aarg.asm
                 __AARGB4   0x000005       data     extern E:\3.46\pic18-lt\cxx-framework\src\traditional\math\aarg.asm
                  __REMB0   0x000005       data     extern E:\3.46\pic18-lt\cxx-framework\src\traditional\math\aarg.asm
                 __AARGB3   0x000006       data     extern E:\3.46\pic18-lt\cxx-framework\src\traditional\math\aarg.asm
                 __AARGB2   0x000007       data     extern E:\3.46\pic18-lt\cxx-framework\src\traditional\math\aarg.asm
                 __AARGB1   0x000008       data     extern E:\3.46\pic18-lt\cxx-framework\src\traditional\math\aarg.asm
                 __AARGB0   0x000009       data     extern E:\3.46\pic18-lt\cxx-framework\src\traditional\math\aarg.asm
                   __AEXP   0x00000a       data     extern E:\3.46\pic18-lt\cxx-framework\src\traditional\math\aarg.asm
                 __BARGB3   0x00000b       data     extern E:\3.46\pic18-lt\cxx-framework\src\traditional\math\barg.asm
                 __BARGB2   0x00000c       data     extern E:\3.46\pic18-lt\cxx-framework\src\traditional\math\barg.asm
                 __BARGB1   0x00000d       data     extern E:\3.46\pic18-lt\cxx-framework\src\traditional\math\barg.asm
                 __BARGB0   0x00000e       data     extern E:\3.46\pic18-lt\cxx-framework\src\traditional\math\barg.asm
                   __BEXP   0x00000f       data     extern E:\3.46\pic18-lt\cxx-framework\src\traditional\math\barg.asm
                  __tmp_0   0x000010       data     static D:\UsersData\Vlak\FW\ULI\uLI-master\usb_function_cdc.c
                  __tmp_0   0x000010       data     static D:\UsersData\Vlak\FW\ULI\uLI-master\usb_device.c
                  __tmp_0   0x000010       data     static D:\UsersData\Vlak\FW\ULI\uLI-master\usart.c
                  __tmp_0   0x000010       data     static D:\UsersData\Vlak\FW\ULI\uLI-master\ringBuffer.c
                  __tmp_0   0x000010       data     static D:\UsersData\Vlak\FW\ULI\uLI-master\main.c
           USBDeviceState   0x000060       data     extern D:\UsersData\Vlak\FW\ULI\uLI-master\usb_device.c
   USBActiveConfiguration   0x000061       data     extern D:\UsersData\Vlak\FW\ULI\uLI-master\usb_device.c
[...]
                TRISAbits   0x000f92       data     extern E:\3.46\pic18-lt\cxx-framework\src\traditional\proc\p18f14k50.asm
                    TRISA   0x000f92       data     extern E:\3.46\pic18-lt\cxx-framework\src\traditional\proc\p18f14k50.asm
                TRISBbits   0x000f93       data     extern E:\3.46\pic18-lt\cxx-framework\src\traditional\proc\p18f14k50.asm
                     DDRB   0x000f93       data     extern E:\3.46\pic18-lt\cxx-framework\src\traditional\proc\p18f14k50.asm
                    TRISB   0x000f93       data     extern E:\3.46\pic18-lt\cxx-framework\src\traditional\proc\p18f14k50.asm
                 DDRBbits   0x000f93       data     extern E:\3.46\pic18-lt\cxx-framework\src\traditional\proc\p18f14k50.asm
                TRISCbits   0x000f94       data     extern E:\3.46\pic18-lt\cxx-framework\src\traditional\proc\p18f14k50.asm
                    TRISC   0x000f94       data     extern E:\3.46\pic18-lt\cxx-framework\src\traditional\proc\p18f14k50.asm
                 DDRCbits   0x000f94       data     extern E:\3.46\pic18-lt\cxx-framework\src\traditional\proc\p18f14k50.asm
                     DDRC   0x000f94       data     extern E:\3.46\pic18-lt\cxx-framework\src\traditional\proc\p18f14k50.asm
              OSCTUNEbits   0x000f9b       data     extern E:\3.46\pic18-lt\cxx-framework\src\traditional\proc\p18f14k50.asm
                  OSCTUNE   0x000f9b       data     extern E:\3.46\pic18-lt\cxx-framework\src\traditional\proc\p18f14k50.asm
                 PIE1bits   0x000f9d       data     extern E:\3.46\pic18-lt\cxx-framework\src\traditional\proc\p18f14k50.asm
                     PIE1   0x000f9d       data     extern E:\3.46\pic18-lt\cxx-framework\src\traditional\proc\p18f14k50.asm
                 PIR1bits   0x000f9e       data     extern E:\3.46\pic18-lt\cxx-framework\src\traditional\proc\p18f14k50.asm
                     PIR1   0x000f9e       data     extern E:\3.46\pic18-lt\cxx-framework\src\traditional\proc\p18f14k50.asm
                 IPR1bits   0x000f9f       data     extern E:\3.46\pic18-lt\cxx-framework\src\traditional\proc\p18f14k50.asm
                     IPR1   0x000f9f       data     extern E:\3.46\pic18-lt\cxx-framework\src\traditional\proc\p18f14k50.asm
                 PIE2bits   0x000fa0       data     extern E:\3.46\pic18-lt\cxx-framework\src\traditional\proc\p18f14k50.asm
                     PIE2   0x000fa0       data     extern E:\3.46\pic18-lt\cxx-framework\src\traditional\proc\p18f14k50.asm
                     PIR2   0x000fa1       data     extern E:\3.46\pic18-lt\cxx-framework\src\traditional\proc\p18f14k50.asm
                 PIR2bits   0x000fa1       data     extern E:\3.46\pic18-lt\cxx-framework\src\traditional\proc\p18f14k50.asm
                 IPR2bits   0x000fa2       data     extern E:\3.46\pic18-lt\cxx-framework\src\traditional\proc\p18f14k50.asm
                     IPR2   0x000fa2       data     extern E:\3.46\pic18-lt\cxx-framework\src\traditional\proc\p18f14k50.asm
               EECON1bits   0x000fa6       data     extern E:\3.46\pic18-lt\cxx-framework\src\traditional\proc\p18f14k50.asm
                   EECON1   0x000fa6       data     extern E:\3.46\pic18-lt\cxx-framework\src\traditional\proc\p18f14k50.asm
                   EECON2   0x000fa7       data     extern E:\3.46\pic18-lt\cxx-framework\src\traditional\proc\p18f14k50.asm
                   EEDATA   0x000fa8       data     extern E:\3.46\pic18-lt\cxx-framework\src\traditional\proc\p18f14k50.asm
                EEADRbits   0x000fa9       data     extern E:\3.46\pic18-lt\cxx-framework\src\traditional\proc\p18f14k50.asm
                    EEADR   0x000fa9       data     extern E:\3.46\pic18-lt\cxx-framework\src\traditional\proc\p18f14k50.asm
                    RCSTA   0x000fab       data     extern E:\3.46\pic18-lt\cxx-framework\src\traditional\proc\p18f14k50.asm
                RCSTAbits   0x000fab       data     extern E:\3.46\pic18-lt\cxx-framework\src\traditional\proc\p18f14k50.asm
                    TXSTA   0x000fac       data     extern E:\3.46\pic18-lt\cxx-framework\src\traditional\proc\p18f14k50.asm
                TXSTAbits   0x000fac       data     extern E:\3.46\pic18-lt\cxx-framework\src\traditional\proc\p18f14k50.asm
                    TXREG   0x000fad       data     extern E:\3.46\pic18-lt\cxx-framework\src\traditional\proc\p18f14k50.asm
                    RCREG   0x000fae       data     extern E:\3.46\pic18-lt\cxx-framework\src\traditional\proc\p18f14k50.asm
                    SPBRG   0x000faf       data     extern E:\3.46\pic18-lt\cxx-framework\src\traditional\proc\p18f14k50.asm
                   SPBRGH   0x000fb0       data     extern E:\3.46\pic18-lt\cxx-framework\src\traditional\proc\p18f14k50.asm
                T3CONbits   0x000fb1       data     extern E:\3.46\pic18-lt\cxx-framework\src\traditional\proc\p18f14k50.asm
                    T3CON   0x000fb1       data     extern E:\3.46\pic18-lt\cxx-framework\src\traditional\proc\p18f14k50.asm
                    TMR3L   0x000fb2       data     extern E:\3.46\pic18-lt\cxx-framework\src\traditional\proc\p18f14k50.asm
                    TMR3H   0x000fb3       data     extern E:\3.46\pic18-lt\cxx-framework\src\traditional\proc\p18f14k50.asm
              ECCP1ASbits   0x000fb6       data     extern E:\3.46\pic18-lt\cxx-framework\src\traditional\proc\p18f14k50.asm
                  ECCP1AS   0x000fb6       data     extern E:\3.46\pic18-lt\cxx-framework\src\traditional\proc\p18f14k50.asm
              PWM1CONbits   0x000fb7       data     extern E:\3.46\pic18-lt\cxx-framework\src\traditional\proc\p18f14k50.asm
                  PWM1CON   0x000fb7       data     extern E:\3.46\pic18-lt\cxx-framework\src\traditional\proc\p18f14k50.asm
              BAUDCONbits   0x000fb8       data     extern E:\3.46\pic18-lt\cxx-framework\src\traditional\proc\p18f14k50.asm
                  BAUDCTL   0x000fb8       data     extern E:\3.46\pic18-lt\cxx-framework\src\traditional\proc\p18f14k50.asm
              BAUDCTLbits   0x000fb8       data     extern E:\3.46\pic18-lt\cxx-framework\src\traditional\proc\p18f14k50.asm
                  BAUDCON   0x000fb8       data     extern E:\3.46\pic18-lt\cxx-framework\src\traditional\proc\p18f14k50.asm
              PSTRCONbits   0x000fb9       data     extern E:\3.46\pic18-lt\cxx-framework\src\traditional\proc\p18f14k50.asm
                  PSTRCON   0x000fb9       data     extern E:\3.46\pic18-lt\cxx-framework\src\traditional\proc\p18f14k50.asm
                 VREFCON0   0x000fba       data     extern E:\3.46\pic18-lt\cxx-framework\src\traditional\proc\p18f14k50.asm
                  REFCON0   0x000fba       data     extern E:\3.46\pic18-lt\cxx-framework\src\traditional\proc\p18f14k50.asm
              REFCON0bits   0x000fba       data     extern E:\3.46\pic18-lt\cxx-framework\src\traditional\proc\p18f14k50.asm
             VREFCON0bits   0x000fba       data     extern E:\3.46\pic18-lt\cxx-framework\src\traditional\proc\p18f14k50.asm
                  REFCON1   0x000fbb       data     extern E:\3.46\pic18-lt\cxx-framework\src\traditional\proc\p18f14k50.asm
              REFCON1bits   0x000fbb       data     extern E:\3.46\pic18-lt\cxx-framework\src\traditional\proc\p18f14k50.asm
                 VREFCON1   0x000fbb       data     extern E:\3.46\pic18-lt\cxx-framework\src\traditional\proc\p18f14k50.asm
             VREFCON1bits   0x000fbb       data     extern E:\3.46\pic18-lt\cxx-framework\src\traditional\proc\p18f14k50.asm
             VREFCON2bits   0x000fbc       data     extern E:\3.46\pic18-lt\cxx-framework\src\traditional\proc\p18f14k50.asm
                 VREFCON2   0x000fbc       data     extern E:\3.46\pic18-lt\cxx-framework\src\traditional\proc\p18f14k50.asm
              REFCON2bits   0x000fbc       data     extern E:\3.46\pic18-lt\cxx-framework\src\traditional\proc\p18f14k50.asm
                  REFCON2   0x000fbc       data     extern E:\3.46\pic18-lt\cxx-framework\src\traditional\proc\p18f14k50.asm
                  CCP1CON   0x000fbd       data     extern E:\3.46\pic18-lt\cxx-framework\src\traditional\proc\p18f14k50.asm
              CCP1CONbits   0x000fbd       data     extern E:\3.46\pic18-lt\cxx-framework\src\traditional\proc\p18f14k50.asm
                    CCPR1   0x000fbe       data     extern E:\3.46\pic18-lt\cxx-framework\src\traditional\proc\p18f14k50.asm
                   CCPR1L   0x000fbe       data     extern E:\3.46\pic18-lt\cxx-framework\src\traditional\proc\p18f14k50.asm
                   CCPR1H   0x000fbf       data     extern E:\3.46\pic18-lt\cxx-framework\src\traditional\proc\p18f14k50.asm
               ADCON2bits   0x000fc0       data     extern E:\3.46\pic18-lt\cxx-framework\src\traditional\proc\p18f14k50.asm
                   ADCON2   0x000fc0       data     extern E:\3.46\pic18-lt\cxx-framework\src\traditional\proc\p18f14k50.asm
               ADCON1bits   0x000fc1       data     extern E:\3.46\pic18-lt\cxx-framework\src\traditional\proc\p18f14k50.asm
                   ADCON1   0x000fc1       data     extern E:\3.46\pic18-lt\cxx-framework\src\traditional\proc\p18f14k50.asm
                   ADCON0   0x000fc2       data     extern E:\3.46\pic18-lt\cxx-framework\src\traditional\proc\p18f14k50.asm
               ADCON0bits   0x000fc2       data     extern E:\3.46\pic18-lt\cxx-framework\src\traditional\proc\p18f14k50.asm
                    ADRES   0x000fc3       data     extern E:\3.46\pic18-lt\cxx-framework\src\traditional\proc\p18f14k50.asm
                   ADRESL   0x000fc3       data     extern E:\3.46\pic18-lt\cxx-framework\src\traditional\proc\p18f14k50.asm
                   ADRESH   0x000fc4       data     extern E:\3.46\pic18-lt\cxx-framework\src\traditional\proc\p18f14k50.asm
                  SSPCON2   0x000fc5       data     extern E:\3.46\pic18-lt\cxx-framework\src\traditional\proc\p18f14k50.asm
              SSPCON2bits   0x000fc5       data     extern E:\3.46\pic18-lt\cxx-framework\src\traditional\proc\p18f14k50.asm
                  SSPCON1   0x000fc6       data     extern E:\3.46\pic18-lt\cxx-framework\src\traditional\proc\p18f14k50.asm
              SSPCON1bits   0x000fc6       data     extern E:\3.46\pic18-lt\cxx-framework\src\traditional\proc\p18f14k50.asm
                  SSPSTAT   0x000fc7       data     extern E:\3.46\pic18-lt\cxx-framework\src\traditional\proc\p18f14k50.asm
              SSPSTATbits   0x000fc7       data     extern E:\3.46\pic18-lt\cxx-framework\src\traditional\proc\p18f14k50.asm
                   SSPADD   0x000fc8       data     extern E:\3.46\pic18-lt\cxx-framework\src\traditional\proc\p18f14k50.asm
                   SSPBUF   0x000fc9       data     extern E:\3.46\pic18-lt\cxx-framework\src\traditional\proc\p18f14k50.asm
                T2CONbits   0x000fca       data     extern E:\3.46\pic18-lt\cxx-framework\src\traditional\proc\p18f14k50.asm
                    T2CON   0x000fca       data     extern E:\3.46\pic18-lt\cxx-framework\src\traditional\proc\p18f14k50.asm
                      PR2   0x000fcb       data     extern E:\3.46\pic18-lt\cxx-framework\src\traditional\proc\p18f14k50.asm
                     TMR2   0x000fcc       data     extern E:\3.46\pic18-lt\cxx-framework\src\traditional\proc\p18f14k50.asm
                    T1CON   0x000fcd       data     extern E:\3.46\pic18-lt\cxx-framework\src\traditional\proc\p18f14k50.asm
                T1CONbits   0x000fcd       data     extern E:\3.46\pic18-lt\cxx-framework\src\traditional\proc\p18f14k50.asm
                    TMR1L   0x000fce       data     extern E:\3.46\pic18-lt\cxx-framework\src\traditional\proc\p18f14k50.asm
                    TMR1H   0x000fcf       data     extern E:\3.46\pic18-lt\cxx-framework\src\traditional\proc\p18f14k50.asm
                 RCONbits   0x000fd0       data     extern E:\3.46\pic18-lt\cxx-framework\src\traditional\proc\p18f14k50.asm
                     RCON   0x000fd0       data     extern E:\3.46\pic18-lt\cxx-framework\src\traditional\proc\p18f14k50.asm
                   WDTCON   0x000fd1       data     extern E:\3.46\pic18-lt\cxx-framework\src\traditional\proc\p18f14k50.asm
               WDTCONbits   0x000fd1       data     extern E:\3.46\pic18-lt\cxx-framework\src\traditional\proc\p18f14k50.asm
                  OSCCON2   0x000fd2       data     extern E:\3.46\pic18-lt\cxx-framework\src\traditional\proc\p18f14k50.asm
              OSCCON2bits   0x000fd2       data     extern E:\3.46\pic18-lt\cxx-framework\src\traditional\proc\p18f14k50.asm
                   OSCCON   0x000fd3       data     extern E:\3.46\pic18-lt\cxx-framework\src\traditional\proc\p18f14k50.asm
               OSCCONbits   0x000fd3       data     extern E:\3.46\pic18-lt\cxx-framework\src\traditional\proc\p18f14k50.asm
                T0CONbits   0x000fd5       data     extern E:\3.46\pic18-lt\cxx-framework\src\traditional\proc\p18f14k50.asm
                    T0CON   0x000fd5       data     extern E:\3.46\pic18-lt\cxx-framework\src\traditional\proc\p18f14k50.asm
                    TMR0L   0x000fd6       data     extern E:\3.46\pic18-lt\cxx-framework\src\traditional\proc\p18f14k50.asm
                    TMR0H   0x000fd7       data     extern E:\3.46\pic18-lt\cxx-framework\src\traditional\proc\p18f14k50.asm
                   STATUS   0x000fd8       data     extern E:\3.46\pic18-lt\cxx-framework\src\traditional\proc\p18f14k50.asm
               STATUSbits   0x000fd8       data     extern E:\3.46\pic18-lt\cxx-framework\src\traditional\proc\p18f14k50.asm
                    FSR2L   0x000fd9       data     extern E:\3.46\pic18-lt\cxx-framework\src\traditional\proc\p18f14k50.asm
                     FSR2   0x000fd9       data     extern E:\3.46\pic18-lt\cxx-framework\src\traditional\proc\p18f14k50.asm
                    FSR2H   0x000fda       data     extern E:\3.46\pic18-lt\cxx-framework\src\traditional\proc\p18f14k50.asm
                   PLUSW2   0x000fdb       data     extern E:\3.46\pic18-lt\cxx-framework\src\traditional\proc\p18f14k50.asm
                  PREINC2   0x000fdc       data     extern E:\3.46\pic18-lt\cxx-framework\src\traditional\proc\p18f14k50.asm
                 POSTDEC2   0x000fdd       data     extern E:\3.46\pic18-lt\cxx-framework\src\traditional\proc\p18f14k50.asm
                 POSTINC2   0x000fde       data     extern E:\3.46\pic18-lt\cxx-framework\src\traditional\proc\p18f14k50.asm
                    INDF2   0x000fdf       data     extern E:\3.46\pic18-lt\cxx-framework\src\traditional\proc\p18f14k50.asm
                      BSR   0x000fe0       data     extern E:\3.46\pic18-lt\cxx-framework\src\traditional\proc\p18f14k50.asm
                    FSR1L   0x000fe1       data     extern E:\3.46\pic18-lt\cxx-framework\src\traditional\proc\p18f14k50.asm
                     FSR1   0x000fe1       data     extern E:\3.46\pic18-lt\cxx-framework\src\traditional\proc\p18f14k50.asm
                    FSR1H   0x000fe2       data     extern E:\3.46\pic18-lt\cxx-framework\src\traditional\proc\p18f14k50.asm
                   PLUSW1   0x000fe3       data     extern E:\3.46\pic18-lt\cxx-framework\src\traditional\proc\p18f14k50.asm
                  PREINC1   0x000fe4       data     extern E:\3.46\pic18-lt\cxx-framework\src\traditional\proc\p18f14k50.asm
                 POSTDEC1   0x000fe5       data     extern E:\3.46\pic18-lt\cxx-framework\src\traditional\proc\p18f14k50.asm
                 POSTINC1   0x000fe6       data     extern E:\3.46\pic18-lt\cxx-framework\src\traditional\proc\p18f14k50.asm
                    INDF1   0x000fe7       data     extern E:\3.46\pic18-lt\cxx-framework\src\traditional\proc\p18f14k50.asm
                        W   0x000fe8       data     extern E:\3.46\pic18-lt\cxx-framework\src\traditional\proc\p18f14k50.asm
                     WREG   0x000fe8       data     extern E:\3.46\pic18-lt\cxx-framework\src\traditional\proc\p18f14k50.asm
                     FSR0   0x000fe9       data     extern E:\3.46\pic18-lt\cxx-framework\src\traditional\proc\p18f14k50.asm
                    FSR0L   0x000fe9       data     extern E:\3.46\pic18-lt\cxx-framework\src\traditional\proc\p18f14k50.asm
                    FSR0H   0x000fea       data     extern E:\3.46\pic18-lt\cxx-framework\src\traditional\proc\p18f14k50.asm
                   PLUSW0   0x000feb       data     extern E:\3.46\pic18-lt\cxx-framework\src\traditional\proc\p18f14k50.asm
                  PREINC0   0x000fec       data     extern E:\3.46\pic18-lt\cxx-framework\src\traditional\proc\p18f14k50.asm
                 POSTDEC0   0x000fed       data     extern E:\3.46\pic18-lt\cxx-framework\src\traditional\proc\p18f14k50.asm
                 POSTINC0   0x000fee       data     extern E:\3.46\pic18-lt\cxx-framework\src\traditional\proc\p18f14k50.asm
                    INDF0   0x000fef       data     extern E:\3.46\pic18-lt\cxx-framework\src\traditional\proc\p18f14k50.asm
              INTCON3bits   0x000ff0       data     extern E:\3.46\pic18-lt\cxx-framework\src\traditional\proc\p18f14k50.asm
                  INTCON3   0x000ff0       data     extern E:\3.46\pic18-lt\cxx-framework\src\traditional\proc\p18f14k50.asm
              INTCON2bits   0x000ff1       data     extern E:\3.46\pic18-lt\cxx-framework\src\traditional\proc\p18f14k50.asm
                  INTCON2   0x000ff1       data     extern E:\3.46\pic18-lt\cxx-framework\src\traditional\proc\p18f14k50.asm
               INTCONbits   0x000ff2       data     extern E:\3.46\pic18-lt\cxx-framework\src\traditional\proc\p18f14k50.asm
                   INTCON   0x000ff2       data     extern E:\3.46\pic18-lt\cxx-framework\src\traditional\proc\p18f14k50.asm
                    PRODL   0x000ff3       data     extern E:\3.46\pic18-lt\cxx-framework\src\traditional\proc\p18f14k50.asm
                     PROD   0x000ff3       data     extern E:\3.46\pic18-lt\cxx-framework\src\traditional\proc\p18f14k50.asm
                    PRODH   0x000ff4       data     extern E:\3.46\pic18-lt\cxx-framework\src\traditional\proc\p18f14k50.asm
                   TABLAT   0x000ff5       data     extern E:\3.46\pic18-lt\cxx-framework\src\traditional\proc\p18f14k50.asm
                   TBLPTR   0x000ff6       data     extern E:\3.46\pic18-lt\cxx-framework\src\traditional\proc\p18f14k50.asm
                  TBLPTRL   0x000ff6       data     extern E:\3.46\pic18-lt\cxx-framework\src\traditional\proc\p18f14k50.asm
                  TBLPTRH   0x000ff7       data     extern E:\3.46\pic18-lt\cxx-framework\src\traditional\proc\p18f14k50.asm
                  TBLPTRU   0x000ff8       data     extern E:\3.46\pic18-lt\cxx-framework\src\traditional\proc\p18f14k50.asm
                      PCL   0x000ff9       data     extern E:\3.46\pic18-lt\cxx-framework\src\traditional\proc\p18f14k50.asm
                       PC   0x000ff9       data     extern E:\3.46\pic18-lt\cxx-framework\src\traditional\proc\p18f14k50.asm
                   PCLATH   0x000ffa       data     extern E:\3.46\pic18-lt\cxx-framework\src\traditional\proc\p18f14k50.asm
                   PCLATU   0x000ffb       data     extern E:\3.46\pic18-lt\cxx-framework\src\traditional\proc\p18f14k50.asm
               STKPTRbits   0x000ffc       data     extern E:\3.46\pic18-lt\cxx-framework\src\traditional\proc\p18f14k50.asm
                   STKPTR   0x000ffc       data     extern E:\3.46\pic18-lt\cxx-framework\src\traditional\proc\p18f14k50.asm
                      TOS   0x000ffd       data     extern E:\3.46\pic18-lt\cxx-framework\src\traditional\proc\p18f14k50.asm
                     TOSL   0x000ffd       data     extern E:\3.46\pic18-lt\cxx-framework\src\traditional\proc\p18f14k50.asm
                     TOSH   0x000ffe       data     extern E:\3.46\pic18-lt\cxx-framework\src\traditional\proc\p18f14k50.asm
                     TOSU   0x000fff       data     extern E:\3.46\pic18-lt\cxx-framework\src\traditional\proc\p18f14k50.asm


